Archive member included because of file (symbol)

../../../../v1_05/bin/framework/peripheral/PIC32MX330F064H_peripherals.a(peripheral.o)
                              build/default/production/_ext/1361460060/drv_adc_static.o (PLIB_ADC_Enable)

Optional file libmchp_peripheral.a not found

Optional file libmchp_peripheral_32MX330F064H.a not found
/opt/microchip/xc32/v1.40/bin/bin/../../lib/gcc/pic32mx/4.8.3/libgcc.a(floatunsisf.o)
                              ../../../../v1_05/bin/framework/peripheral/PIC32MX330F064H_peripherals.a(peripheral.o) (__floatunsisf)
/opt/microchip/xc32/v1.40/bin/bin/../../lib/gcc/pic32mx/4.8.3/../../../../pic32mx/lib/libpic32.a(default-bootstrap-exception-handler.o)
                              /opt/microchip/xc32/v1.40/bin/bin/../../lib/gcc/pic32mx/4.8.3/../../../../pic32mx/lib/./proc/32MX330F064H/crt0_mips32r2.o (_bootstrap_exception_handler)
/opt/microchip/xc32/v1.40/bin/bin/../../lib/gcc/pic32mx/4.8.3/../../../../pic32mx/lib/libpic32.a(default-on-reset.o)
                              /opt/microchip/xc32/v1.40/bin/bin/../../lib/gcc/pic32mx/4.8.3/../../../../pic32mx/lib/./proc/32MX330F064H/crt0_mips32r2.o (_on_reset)
/opt/microchip/xc32/v1.40/bin/bin/../../lib/gcc/pic32mx/4.8.3/../../../../pic32mx/lib/libpic32.a(default-on-bootstrap.o)
                              /opt/microchip/xc32/v1.40/bin/bin/../../lib/gcc/pic32mx/4.8.3/../../../../pic32mx/lib/./proc/32MX330F064H/crt0_mips32r2.o (_on_bootstrap)
/opt/microchip/xc32/v1.40/bin/bin/../../lib/gcc/pic32mx/4.8.3/../../../../pic32mx/lib/libpic32.a(default-nmi-handler.o)
                              /opt/microchip/xc32/v1.40/bin/bin/../../lib/gcc/pic32mx/4.8.3/../../../../pic32mx/lib/./proc/32MX330F064H/crt0_mips32r2.o (_nmi_handler)
/opt/microchip/xc32/v1.40/bin/bin/../../lib/gcc/pic32mx/4.8.3/../../../../pic32mx/lib/libpic32.a(general-exception.o)
                              /opt/microchip/xc32/v1.40/bin/bin/../../lib/gcc/pic32mx/4.8.3/../../../../pic32mx/lib/./proc/32MX330F064H/crt0_mips32r2.o (_general_exception_context)
/opt/microchip/xc32/v1.40/bin/bin/../../lib/gcc/pic32mx/4.8.3/../../../../pic32mx/lib/libpic32.a(vector0.o)
                              /opt/microchip/xc32/v1.40/bin/bin/../../lib/gcc/pic32mx/4.8.3/../../../../pic32mx/lib/./proc/32MX330F064H/default_isr_vectors.o (__vector_dispatch_0)
/opt/microchip/xc32/v1.40/bin/bin/../../lib/gcc/pic32mx/4.8.3/../../../../pic32mx/lib/libpic32.a(vector1.o)
                              /opt/microchip/xc32/v1.40/bin/bin/../../lib/gcc/pic32mx/4.8.3/../../../../pic32mx/lib/./proc/32MX330F064H/default_isr_vectors.o (__vector_dispatch_1)
/opt/microchip/xc32/v1.40/bin/bin/../../lib/gcc/pic32mx/4.8.3/../../../../pic32mx/lib/libpic32.a(vector2.o)
                              /opt/microchip/xc32/v1.40/bin/bin/../../lib/gcc/pic32mx/4.8.3/../../../../pic32mx/lib/./proc/32MX330F064H/default_isr_vectors.o (__vector_dispatch_2)
/opt/microchip/xc32/v1.40/bin/bin/../../lib/gcc/pic32mx/4.8.3/../../../../pic32mx/lib/libpic32.a(vector3.o)
                              /opt/microchip/xc32/v1.40/bin/bin/../../lib/gcc/pic32mx/4.8.3/../../../../pic32mx/lib/./proc/32MX330F064H/default_isr_vectors.o (__vector_dispatch_3)
/opt/microchip/xc32/v1.40/bin/bin/../../lib/gcc/pic32mx/4.8.3/../../../../pic32mx/lib/libpic32.a(vector4.o)
                              /opt/microchip/xc32/v1.40/bin/bin/../../lib/gcc/pic32mx/4.8.3/../../../../pic32mx/lib/./proc/32MX330F064H/default_isr_vectors.o (__vector_dispatch_4)
/opt/microchip/xc32/v1.40/bin/bin/../../lib/gcc/pic32mx/4.8.3/../../../../pic32mx/lib/libpic32.a(vector5.o)
                              /opt/microchip/xc32/v1.40/bin/bin/../../lib/gcc/pic32mx/4.8.3/../../../../pic32mx/lib/./proc/32MX330F064H/default_isr_vectors.o (__vector_dispatch_5)
/opt/microchip/xc32/v1.40/bin/bin/../../lib/gcc/pic32mx/4.8.3/../../../../pic32mx/lib/libpic32.a(vector6.o)
                              /opt/microchip/xc32/v1.40/bin/bin/../../lib/gcc/pic32mx/4.8.3/../../../../pic32mx/lib/./proc/32MX330F064H/default_isr_vectors.o (__vector_dispatch_6)
/opt/microchip/xc32/v1.40/bin/bin/../../lib/gcc/pic32mx/4.8.3/../../../../pic32mx/lib/libpic32.a(vector7.o)
                              /opt/microchip/xc32/v1.40/bin/bin/../../lib/gcc/pic32mx/4.8.3/../../../../pic32mx/lib/./proc/32MX330F064H/default_isr_vectors.o (__vector_dispatch_7)
/opt/microchip/xc32/v1.40/bin/bin/../../lib/gcc/pic32mx/4.8.3/../../../../pic32mx/lib/libpic32.a(vector8.o)
                              /opt/microchip/xc32/v1.40/bin/bin/../../lib/gcc/pic32mx/4.8.3/../../../../pic32mx/lib/./proc/32MX330F064H/default_isr_vectors.o (__vector_dispatch_8)
/opt/microchip/xc32/v1.40/bin/bin/../../lib/gcc/pic32mx/4.8.3/../../../../pic32mx/lib/libpic32.a(vector9.o)
                              /opt/microchip/xc32/v1.40/bin/bin/../../lib/gcc/pic32mx/4.8.3/../../../../pic32mx/lib/./proc/32MX330F064H/default_isr_vectors.o (__vector_dispatch_9)
[...]
Memory Configuration

Name             Origin             Length             Attributes
kseg0_program_mem 0x9d000000         0x00010000         xr
kseg0_boot_mem   0x9fc00490         0x00000970
exception_mem    0x9fc01000         0x00001000
kseg1_boot_mem   0xbfc00000         0x00000490
debug_exec_mem   0xbfc02000         0x00000ff0
config3          0xbfc02ff0         0x00000004
config2          0xbfc02ff4         0x00000004
config1          0xbfc02ff8         0x00000004
config0          0xbfc02ffc         0x00000004
kseg1_data_mem   0xa0000000         0x00004000         w !x
sfrs             0xbf800000         0x00100000
configsfrs       0xbfc02ff0         0x00000010
*default*        0x00000000         0xffffffff

Linker script and memory map

LOAD /opt/microchip/xc32/v1.40/bin/bin/../../lib/gcc/pic32mx/4.8.3/../../../../pic32mx/lib/./proc/32MX330F064H/crt0_mips32r2.o
LOAD /opt/microchip/xc32/v1.40/bin/bin/../../lib/gcc/pic32mx/4.8.3/../../../../pic32mx/lib/debug-exception-return.o
LOAD build/default/production/_ext/1361460060/drv_adc_static.o
LOAD build/default/production/_ext/1407244131/drv_tmr_static.o
LOAD build/default/production/_ext/1345626252/drv_usart_static.o
LOAD build/default/production/_ext/639803181/sys_clk_static.o
LOAD build/default/production/_ext/822048611/sys_ports_static.o
LOAD build/default/production/_ext/1688732426/system_init.o
LOAD build/default/production/_ext/1688732426/system_interrupt.o
LOAD build/default/production/_ext/1688732426/system_exceptions.o
LOAD build/default/production/_ext/1688732426/system_tasks.o
LOAD build/default/production/_ext/1360937237/main.o
LOAD build/default/production/plaid_app.o
LOAD build/default/production/disp_driver.o
LOAD build/default/production/_ext/720887253/sys_devcon.o
LOAD build/default/production/_ext/720887253/sys_devcon_pic32mx.o
LOAD build/default/production/_ext/685857883/sys_int_pic32.o
LOAD build/default/production/_ext/141579970/sys_ports.o
LOAD ../../../../v1_05/bin/framework/peripheral/PIC32MX330F064H_peripherals.a
                0x00000001                __MPLAB_BUILD = 0x1
                0x00000000                _min_heap_size = 0x0
LOAD /opt/microchip/xc32/v1.40/bin/bin/../../lib/gcc/pic32mx/4.8.3/../../../../pic32mx/lib/./proc/32MX330F064H/default_isr_vectors.o
LOAD /opt/microchip/xc32/v1.40/bin/bin/../../lib/gcc/pic32mx/4.8.3/../../../../pic32mx/lib/pic32_software_reset.o
                0x00000400                PROVIDE (_min_stack_size, 0x400)
LOAD /opt/microchip/xc32/v1.40/bin/bin/../../lib/gcc/pic32mx/4.8.3/../../../../pic32mx/lib/./proc/32MX330F064H/processor.o
START GROUP
LOAD libmchp_peripheral.a
END GROUP
START GROUP
LOAD libmchp_peripheral_32MX330F064H.a
END GROUP
                0x00000001                PROVIDE (_vector_spacing, 0x1)
                0x9fc01000                _ebase_address = 0x9fc01000
                0xbfc00000                _RESET_ADDR = 0xbfc00000
                0xbfc00380                _BEV_EXCPT_ADDR = 0xbfc00380
                0xbfc00480                _DBG_EXCPT_ADDR = 0xbfc00480
                0xbfc02000                _DBG_CODE_ADDR = 0xbfc02000
                0x00000ff0                _DBG_CODE_SIZE = 0xff0
                0x9fc01180                _GEN_EXCPT_ADDR = (_ebase_address + 0x180)

.config_BFC02FF0
                0xbfc02ff0        0x4
 *(.config_BFC02FF0)
 .config_BFC02FF0
                0xbfc02ff0        0x4 build/default/production/_ext/1688732426/system_init.o

.config_BFC02FF4
                0xbfc02ff4        0x4
 *(.config_BFC02FF4)
 .config_BFC02FF4
                0xbfc02ff4        0x4 build/default/production/_ext/1688732426/system_init.o

.config_BFC02FF8
                0xbfc02ff8        0x4
 *(.config_BFC02FF8)
 .config_BFC02FF8
                0xbfc02ff8        0x4 build/default/production/_ext/1688732426/system_init.o

.config_BFC02FFC
                0xbfc02ffc        0x4
 *(.config_BFC02FFC)
 .config_BFC02FFC
                0xbfc02ffc        0x4 build/default/production/_ext/1688732426/system_init.o
                0xbfc02000                PROVIDE (_DBG_CODE_ADDR, 0xbfc02000)
                0x00000ff0                PROVIDE (_DBG_CODE_SIZE, 0xff0)

.reset          0xbfc00000      0x1f4
 *(.reset)
 .reset         0xbfc00000        0x8 /opt/microchip/xc32/v1.40/bin/bin/../../lib/gcc/pic32mx/4.8.3/../../../../pic32mx/lib/./proc/32MX330F064H/crt0_mips32r2.o
                0xbfc00000                _reset
 *(.reset.startup)
 .reset.startup
                0xbfc00008      0x1ec /opt/microchip/xc32/v1.40/bin/bin/../../lib/gcc/pic32mx/4.8.3/../../../../pic32mx/lib/./proc/32MX330F064H/crt0_mips32r2.o

.bev_excpt      0xbfc00380       0x10
 *(.bev_handler)
 .bev_handler   0xbfc00380       0x10 /opt/microchip/xc32/v1.40/bin/bin/../../lib/gcc/pic32mx/4.8.3/../../../../pic32mx/lib/./proc/32MX330F064H/crt0_mips32r2.o

.dbg_excpt      0xbfc00480        0x0
                0xbfc00480                . = (. + DEFINED (_DEBUGGER)?0x8:0x0)

.dbg_code       0xbfc02000        0x0
                0xbfc02000                . = (. + DEFINED (_DEBUGGER)?_DBG_CODE_SIZE:0x0)

.app_excpt      0x9fc01180       0x10
 *(.gen_handler)
 .gen_handler   0x9fc01180       0x10 /opt/microchip/xc32/v1.40/bin/bin/../../lib/gcc/pic32mx/4.8.3/../../../../pic32mx/lib/./proc/32MX330F064H/crt0_mips32r2.o

.vector_0       0x9fc01200        0x8
 *(.vector_0)
 .vector_0      0x9fc01200        0x8 /opt/microchip/xc32/v1.40/bin/bin/../../lib/gcc/pic32mx/4.8.3/../../../../pic32mx/lib/libpic32.a(vector0.o)
                0x9fc01200                __vector_dispatch_0
                0x00000001                ASSERT (((_vector_spacing == 0x0) || (SIZEOF (.vector_0) <= (_vector_spacing << 0x5))), function at exception vector 0 too large)

.vector_1       0x9fc01220        0x8
 *(.vector_1)
 .vector_1      0x9fc01220        0x8 /opt/microchip/xc32/v1.40/bin/bin/../../lib/gcc/pic32mx/4.8.3/../../../../pic32mx/lib/libpic32.a(vector1.o)
                0x9fc01220                __vector_dispatch_1
                0x00000001                ASSERT (((_vector_spacing == 0x0) || (SIZEOF (.vector_1) <= (_vector_spacing << 0x5))), function at exception vector 1 too large)

.vector_2       0x9fc01240        0x8
 *(.vector_2)
 .vector_2      0x9fc01240        0x8 /opt/microchip/xc32/v1.40/bin/bin/../../lib/gcc/pic32mx/4.8.3/../../../../pic32mx/lib/libpic32.a(vector2.o)
                0x9fc01240                __vector_dispatch_2
                0x00000001                ASSERT (((_vector_spacing == 0x0) || (SIZEOF (.vector_2) <= (_vector_spacing << 0x5))), function at exception vector 2 too large)

.vector_3       0x9fc01260        0x8
 *(.vector_3)
 .vector_3      0x9fc01260        0x8 /opt/microchip/xc32/v1.40/bin/bin/../../lib/gcc/pic32mx/4.8.3/../../../../pic32mx/lib/libpic32.a(vector3.o)
                0x9fc01260                __vector_dispatch_3
                0x00000001                ASSERT (((_vector_spacing == 0x0) || (SIZEOF (.vector_3) <= (_vector_spacing << 0x5))), function at exception vector 3 too large)

.vector_4       0x9fc01280        0x8
 *(.vector_4)
 .vector_4      0x9fc01280        0x8 /opt/microchip/xc32/v1.40/bin/bin/../../lib/gcc/pic32mx/4.8.3/../../../../pic32mx/lib/libpic32.a(vector4.o)
                0x9fc01280                __vector_dispatch_4
                0x00000001                ASSERT (((_vector_spacing == 0x0) || (SIZEOF (.vector_4) <= (_vector_spacing << 0x5))), function at exception vector 4 too large)

.vector_5       0x9fc012a0        0x8
 *(.vector_5)
 .vector_5      0x9fc012a0        0x8 /opt/microchip/xc32/v1.40/bin/bin/../../lib/gcc/pic32mx/4.8.3/../../../../pic32mx/lib/libpic32.a(vector5.o)
                0x9fc012a0                __vector_dispatch_5
                0x00000001                ASSERT (((_vector_spacing == 0x0) || (SIZEOF (.vector_5) <= (_vector_spacing << 0x5))), function at exception vector 5 too large)

.vector_6       0x9fc012c0        0x8
 *(.vector_6)
 .vector_6      0x9fc012c0        0x8 /opt/microchip/xc32/v1.40/bin/bin/../../lib/gcc/pic32mx/4.8.3/../../../../pic32mx/lib/libpic32.a(vector6.o)
                0x9fc012c0                __vector_dispatch_6
                0x00000001                ASSERT (((_vector_spacing == 0x0) || (SIZEOF (.vector_6) <= (_vector_spacing << 0x5))), function at exception vector 6 too large)

.vector_7       0x9fc012e0        0x8
 *(.vector_7)
 .vector_7      0x9fc012e0        0x8 /opt/microchip/xc32/v1.40/bin/bin/../../lib/gcc/pic32mx/4.8.3/../../../../pic32mx/lib/libpic32.a(vector7.o)
                0x9fc012e0                __vector_dispatch_7
                0x00000001                ASSERT (((_vector_spacing == 0x0) || (SIZEOF (.vector_7) <= (_vector_spacing << 0x5))), function at exception vector 7 too large)

.vector_8       0x9fc01300        0x8
 *(.vector_8)
 .vector_8      0x9fc01300        0x8 /opt/microchip/xc32/v1.40/bin/bin/../../lib/gcc/pic32mx/4.8.3/../../../../pic32mx/lib/libpic32.a(vector8.o)
                0x9fc01300                __vector_dispatch_8
                0x00000001                ASSERT (((_vector_spacing == 0x0) || (SIZEOF (.vector_8) <= (_vector_spacing << 0x5))), function at exception vector 8 too large)

.vector_9       0x9fc01320        0x8
 *(.vector_9)
 .vector_9      0x9fc01320        0x8 /opt/microchip/xc32/v1.40/bin/bin/../../lib/gcc/pic32mx/4.8.3/../../../../pic32mx/lib/libpic32.a(vector9.o)
                0x9fc01320                __vector_dispatch_9
                0x00000001                ASSERT (((_vector_spacing == 0x0) || (SIZEOF (.vector_9) <= (_vector_spacing << 0x5))), function at exception vector 9 too large)

.vector_10      0x9fc01340        0x8
 *(.vector_10)
 .vector_10     0x9fc01340        0x8 /opt/microchip/xc32/v1.40/bin/bin/../../lib/gcc/pic32mx/4.8.3/../../../../pic32mx/lib/libpic32.a(vector10.o)
                0x9fc01340                __vector_dispatch_10
                0x00000001                ASSERT (((_vector_spacing == 0x0) || (SIZEOF (.vector_10) <= (_vector_spacing << 0x5))), function at exception vector 10 too large)

.vector_11      0x9fc01360        0x8
 *(.vector_11)
 .vector_11     0x9fc01360        0x8 /opt/microchip/xc32/v1.40/bin/bin/../../lib/gcc/pic32mx/4.8.3/../../../../pic32mx/lib/libpic32.a(vector11.o)
                0x9fc01360                __vector_dispatch_11
                0x00000001                ASSERT (((_vector_spacing == 0x0) || (SIZEOF (.vector_11) <= (_vector_spacing << 0x5))), function at exception vector 11 too large)

.vector_12      0x9fc01380        0x8
 *(.vector_12)
 .vector_12     0x9fc01380        0x8 /opt/microchip/xc32/v1.40/bin/bin/../../lib/gcc/pic32mx/4.8.3/../../../../pic32mx/lib/libpic32.a(vector12.o)
                0x9fc01380                __vector_dispatch_12
                0x00000001                ASSERT (((_vector_spacing == 0x0) || (SIZEOF (.vector_12) <= (_vector_spacing << 0x5))), function at exception vector 12 too large)

.vector_13      0x9fc013a0        0x8
 *(.vector_13)
 .vector_13     0x9fc013a0        0x8 /opt/microchip/xc32/v1.40/bin/bin/../../lib/gcc/pic32mx/4.8.3/../../../../pic32mx/lib/libpic32.a(vector13.o)
                0x9fc013a0                __vector_dispatch_13
                0x00000001                ASSERT (((_vector_spacing == 0x0) || (SIZEOF (.vector_13) <= (_vector_spacing << 0x5))), function at exception vector 13 too large)

.vector_14      0x9fc013c0        0x8
 *(.vector_14)
 .vector_14     0x9fc013c0        0x8 /opt/microchip/xc32/v1.40/bin/bin/../../lib/gcc/pic32mx/4.8.3/../../../../pic32mx/lib/libpic32.a(vector14.o)
                0x9fc013c0                __vector_dispatch_14
                0x00000001                ASSERT (((_vector_spacing == 0x0) || (SIZEOF (.vector_14) <= (_vector_spacing << 0x5))), function at exception vector 14 too large)

.vector_15      0x9fc013e0        0x8
 *(.vector_15)
 .vector_15     0x9fc013e0        0x8 /opt/microchip/xc32/v1.40/bin/bin/../../lib/gcc/pic32mx/4.8.3/../../../../pic32mx/lib/libpic32.a(vector15.o)
                0x9fc013e0                __vector_dispatch_15
                0x00000001                ASSERT (((_vector_spacing == 0x0) || (SIZEOF (.vector_15) <= (_vector_spacing << 0x5))), function at exception vector 15 too large)

.vector_16      0x9fc01400        0x8
 *(.vector_16)
 .vector_16     0x9fc01400        0x8 /opt/microchip/xc32/v1.40/bin/bin/../../lib/gcc/pic32mx/4.8.3/../../../../pic32mx/lib/libpic32.a(vector16.o)
                0x9fc01400                __vector_dispatch_16
                0x00000001                ASSERT (((_vector_spacing == 0x0) || (SIZEOF (.vector_16) <= (_vector_spacing << 0x5))), function at exception vector 16 too large)

.vector_17      0x9fc01420        0x8
 *(.vector_17)
 .vector_17     0x9fc01420        0x8 /opt/microchip/xc32/v1.40/bin/bin/../../lib/gcc/pic32mx/4.8.3/../../../../pic32mx/lib/libpic32.a(vector17.o)
                0x9fc01420                __vector_dispatch_17
                0x00000001                ASSERT (((_vector_spacing == 0x0) || (SIZEOF (.vector_17) <= (_vector_spacing << 0x5))), function at exception vector 17 too large)

.vector_18      0x9fc01440        0x8
 *(.vector_18)
 .vector_18     0x9fc01440        0x8 /opt/microchip/xc32/v1.40/bin/bin/../../lib/gcc/pic32mx/4.8.3/../../../../pic32mx/lib/libpic32.a(vector18.o)
                0x9fc01440                __vector_dispatch_18
                0x00000001                ASSERT (((_vector_spacing == 0x0) || (SIZEOF (.vector_18) <= (_vector_spacing << 0x5))), function at exception vector 18 too large)

.vector_19      0x9fc01460        0x8
 *(.vector_19)
 .vector_19     0x9fc01460        0x8 /opt/microchip/xc32/v1.40/bin/bin/../../lib/gcc/pic32mx/4.8.3/../../../../pic32mx/lib/libpic32.a(vector19.o)
                0x9fc01460                __vector_dispatch_19
                0x00000001                ASSERT (((_vector_spacing == 0x0) || (SIZEOF (.vector_19) <= (_vector_spacing << 0x5))), function at exception vector 19 too large)

.vector_20      0x9fc01480        0x8
 *(.vector_20)
 .vector_20     0x9fc01480        0x8 /opt/microchip/xc32/v1.40/bin/bin/../../lib/gcc/pic32mx/4.8.3/../../../../pic32mx/lib/libpic32.a(vector20.o)
                0x9fc01480                __vector_dispatch_20
                0x00000001                ASSERT (((_vector_spacing == 0x0) || (SIZEOF (.vector_20) <= (_vector_spacing << 0x5))), function at exception vector 20 too large)

.vector_21      0x9fc014a0        0x8
 *(.vector_21)
 .vector_21     0x9fc014a0        0x8 /opt/microchip/xc32/v1.40/bin/bin/../../lib/gcc/pic32mx/4.8.3/../../../../pic32mx/lib/libpic32.a(vector21.o)
                0x9fc014a0                __vector_dispatch_21
                0x00000001                ASSERT (((_vector_spacing == 0x0) || (SIZEOF (.vector_21) <= (_vector_spacing << 0x5))), function at exception vector 21 too large)

.vector_22      0x9fc014c0        0x8
 *(.vector_22)
 .vector_22     0x9fc014c0        0x8 /opt/microchip/xc32/v1.40/bin/bin/../../lib/gcc/pic32mx/4.8.3/../../../../pic32mx/lib/libpic32.a(vector22.o)
                0x9fc014c0                __vector_dispatch_22
                0x00000001                ASSERT (((_vector_spacing == 0x0) || (SIZEOF (.vector_22) <= (_vector_spacing << 0x5))), function at exception vector 22 too large)

.vector_23      0x9fc014e0        0x8
 *(.vector_23)
 .vector_23     0x9fc014e0        0x8 /opt/microchip/xc32/v1.40/bin/bin/../../lib/gcc/pic32mx/4.8.3/../../../../pic32mx/lib/libpic32.a(vector23.o)
                0x9fc014e0                __vector_dispatch_23
                0x00000001                ASSERT (((_vector_spacing == 0x0) || (SIZEOF (.vector_23) <= (_vector_spacing << 0x5))), function at exception vector 23 too large)

.vector_24      0x9fc01500        0x8
 *(.vector_24)
 .vector_24     0x9fc01500        0x8 /opt/microchip/xc32/v1.40/bin/bin/../../lib/gcc/pic32mx/4.8.3/../../../../pic32mx/lib/libpic32.a(vector24.o)
                0x9fc01500                __vector_dispatch_24
                0x00000001                ASSERT (((_vector_spacing == 0x0) || (SIZEOF (.vector_24) <= (_vector_spacing << 0x5))), function at exception vector 24 too large)

.vector_25      0x9fc01520        0x8
 *(.vector_25)
 .vector_25     0x9fc01520        0x8 /opt/microchip/xc32/v1.40/bin/bin/../../lib/gcc/pic32mx/4.8.3/../../../../pic32mx/lib/libpic32.a(vector25.o)
                0x9fc01520                __vector_dispatch_25
                0x00000001                ASSERT (((_vector_spacing == 0x0) || (SIZEOF (.vector_25) <= (_vector_spacing << 0x5))), function at exception vector 25 too large)

.vector_26      0x9fc01540        0x8
 *(.vector_26)
 .vector_26     0x9fc01540        0x8 /opt/microchip/xc32/v1.40/bin/bin/../../lib/gcc/pic32mx/4.8.3/../../../../pic32mx/lib/libpic32.a(vector26.o)
                0x9fc01540                __vector_dispatch_26
                0x00000001                ASSERT (((_vector_spacing == 0x0) || (SIZEOF (.vector_26) <= (_vector_spacing << 0x5))), function at exception vector 26 too large)

.vector_27      0x9fc01560        0x8
 *(.vector_27)
 .vector_27     0x9fc01560        0x8 /opt/microchip/xc32/v1.40/bin/bin/../../lib/gcc/pic32mx/4.8.3/../../../../pic32mx/lib/libpic32.a(vector27.o)
                0x9fc01560                __vector_dispatch_27
                0x00000001                ASSERT (((_vector_spacing == 0x0) || (SIZEOF (.vector_27) <= (_vector_spacing << 0x5))), function at exception vector 27 too large)

.vector_28      0x9fc01580        0x8
 *(.vector_28)
 .vector_28     0x9fc01580        0x8 /opt/microchip/xc32/v1.40/bin/bin/../../lib/gcc/pic32mx/4.8.3/../../../../pic32mx/lib/libpic32.a(vector28.o)
                0x9fc01580                __vector_dispatch_28
                0x00000001                ASSERT (((_vector_spacing == 0x0) || (SIZEOF (.vector_28) <= (_vector_spacing << 0x5))), function at exception vector 28 too large)

.vector_29      0x9fc015a0        0x8
 *(.vector_29)
 .vector_29     0x9fc015a0        0x8 /opt/microchip/xc32/v1.40/bin/bin/../../lib/gcc/pic32mx/4.8.3/../../../../pic32mx/lib/libpic32.a(vector29.o)
                0x9fc015a0                __vector_dispatch_29
                0x00000001                ASSERT (((_vector_spacing == 0x0) || (SIZEOF (.vector_29) <= (_vector_spacing << 0x5))), function at exception vector 29 too large)

.vector_30      0x9fc015c0        0x8
 *(.vector_30)
 .vector_30     0x9fc015c0        0x8 /opt/microchip/xc32/v1.40/bin/bin/../../lib/gcc/pic32mx/4.8.3/../../../../pic32mx/lib/libpic32.a(vector30.o)
                0x9fc015c0                __vector_dispatch_30
                0x00000001                ASSERT (((_vector_spacing == 0x0) || (SIZEOF (.vector_30) <= (_vector_spacing << 0x5))), function at exception vector 30 too large)

.vector_31      0x9fc015e0        0x8
 *(.vector_31)
 .vector_31     0x9fc015e0        0x8 /opt/microchip/xc32/v1.40/bin/bin/../../lib/gcc/pic32mx/4.8.3/../../../../pic32mx/lib/libpic32.a(vector31.o)
                0x9fc015e0                __vector_dispatch_31
                0x00000001                ASSERT (((_vector_spacing == 0x0) || (SIZEOF (.vector_31) <= (_vector_spacing << 0x5))), function at exception vector 31 too large)

.vector_32      0x9fc01600        0x8
 *(.vector_32)
 .vector_32     0x9fc01600        0x8 /opt/microchip/xc32/v1.40/bin/bin/../../lib/gcc/pic32mx/4.8.3/../../../../pic32mx/lib/libpic32.a(vector32.o)
                0x9fc01600                __vector_dispatch_32
                0x00000001                ASSERT (((_vector_spacing == 0x0) || (SIZEOF (.vector_32) <= (_vector_spacing << 0x5))), function at exception vector 32 too large)

.vector_33      0x9fc01620        0x8
 *(.vector_33)
 .vector_33     0x9fc01620        0x8 /opt/microchip/xc32/v1.40/bin/bin/../../lib/gcc/pic32mx/4.8.3/../../../../pic32mx/lib/libpic32.a(vector33.o)
                0x9fc01620                __vector_dispatch_33
                0x00000001                ASSERT (((_vector_spacing == 0x0) || (SIZEOF (.vector_33) <= (_vector_spacing << 0x5))), function at exception vector 33 too large)

.vector_34      0x9fc01640        0x8
 *(.vector_34)
 .vector_34     0x9fc01640        0x8 /opt/microchip/xc32/v1.40/bin/bin/../../lib/gcc/pic32mx/4.8.3/../../../../pic32mx/lib/libpic32.a(vector34.o)
                0x9fc01640                __vector_dispatch_34
                0x00000001                ASSERT (((_vector_spacing == 0x0) || (SIZEOF (.vector_34) <= (_vector_spacing << 0x5))), function at exception vector 34 too large)

.vector_35      0x9fc01660        0x8
 *(.vector_35)
 .vector_35     0x9fc01660        0x8 /opt/microchip/xc32/v1.40/bin/bin/../../lib/gcc/pic32mx/4.8.3/../../../../pic32mx/lib/libpic32.a(vector35.o)
                0x9fc01660                __vector_dispatch_35
                0x00000001                ASSERT (((_vector_spacing == 0x0) || (SIZEOF (.vector_35) <= (_vector_spacing << 0x5))), function at exception vector 35 too large)

.vector_36      0x9fc01680        0x8
 *(.vector_36)
 .vector_36     0x9fc01680        0x8 /opt/microchip/xc32/v1.40/bin/bin/../../lib/gcc/pic32mx/4.8.3/../../../../pic32mx/lib/libpic32.a(vector36.o)
                0x9fc01680                __vector_dispatch_36
                0x00000001                ASSERT (((_vector_spacing == 0x0) || (SIZEOF (.vector_36) <= (_vector_spacing << 0x5))), function at exception vector 36 too large)

.vector_37      0x9fc016a0        0x8
 *(.vector_37)
 .vector_37     0x9fc016a0        0x8 /opt/microchip/xc32/v1.40/bin/bin/../../lib/gcc/pic32mx/4.8.3/../../../../pic32mx/lib/libpic32.a(vector37.o)
                0x9fc016a0                __vector_dispatch_37
                0x00000001                ASSERT (((_vector_spacing == 0x0) || (SIZEOF (.vector_37) <= (_vector_spacing << 0x5))), function at exception vector 37 too large)

.vector_38      0x9fc016c0        0x8
 *(.vector_38)
 .vector_38     0x9fc016c0        0x8 /opt/microchip/xc32/v1.40/bin/bin/../../lib/gcc/pic32mx/4.8.3/../../../../pic32mx/lib/libpic32.a(vector38.o)
                0x9fc016c0                __vector_dispatch_38
                0x00000001                ASSERT (((_vector_spacing == 0x0) || (SIZEOF (.vector_38) <= (_vector_spacing << 0x5))), function at exception vector 38 too large)

.vector_39      0x9fc016e0        0x8
 *(.vector_39)
 .vector_39     0x9fc016e0        0x8 /opt/microchip/xc32/v1.40/bin/bin/../../lib/gcc/pic32mx/4.8.3/../../../../pic32mx/lib/libpic32.a(vector39.o)
                0x9fc016e0                __vector_dispatch_39
                0x00000001                ASSERT (((_vector_spacing == 0x0) || (SIZEOF (.vector_39) <= (_vector_spacing << 0x5))), function at exception vector 39 too large)

.vector_40      0x9fc01700        0x8
 *(.vector_40)
 .vector_40     0x9fc01700        0x8 /opt/microchip/xc32/v1.40/bin/bin/../../lib/gcc/pic32mx/4.8.3/../../../../pic32mx/lib/libpic32.a(vector40.o)
                0x9fc01700                __vector_dispatch_40
                0x00000001                ASSERT (((_vector_spacing == 0x0) || (SIZEOF (.vector_40) <= (_vector_spacing << 0x5))), function at exception vector 40 too large)

.vector_41      0x9fc01720        0x8
 *(.vector_41)
 .vector_41     0x9fc01720        0x8 /opt/microchip/xc32/v1.40/bin/bin/../../lib/gcc/pic32mx/4.8.3/../../../../pic32mx/lib/libpic32.a(vector41.o)
                0x9fc01720                __vector_dispatch_41
                0x00000001                ASSERT (((_vector_spacing == 0x0) || (SIZEOF (.vector_41) <= (_vector_spacing << 0x5))), function at exception vector 41 too large)

.vector_42      0x9fc01740        0x8
 *(.vector_42)
 .vector_42     0x9fc01740        0x8 /opt/microchip/xc32/v1.40/bin/bin/../../lib/gcc/pic32mx/4.8.3/../../../../pic32mx/lib/libpic32.a(vector42.o)
                0x9fc01740                __vector_dispatch_42
                0x00000001                ASSERT (((_vector_spacing == 0x0) || (SIZEOF (.vector_42) <= (_vector_spacing << 0x5))), function at exception vector 42 too large)

.vector_43      0x9fc01760        0x8
 *(.vector_43)
 .vector_43     0x9fc01760        0x8 /opt/microchip/xc32/v1.40/bin/bin/../../lib/gcc/pic32mx/4.8.3/../../../../pic32mx/lib/libpic32.a(vector43.o)
                0x9fc01760                __vector_dispatch_43
                0x00000001                ASSERT (((_vector_spacing == 0x0) || (SIZEOF (.vector_43) <= (_vector_spacing << 0x5))), function at exception vector 43 too large)

.vector_44      0x9fc01780        0x8
 *(.vector_44)
 .vector_44     0x9fc01780        0x8 /opt/microchip/xc32/v1.40/bin/bin/../../lib/gcc/pic32mx/4.8.3/../../../../pic32mx/lib/libpic32.a(vector44.o)
                0x9fc01780                __vector_dispatch_44
                0x00000001                ASSERT (((_vector_spacing == 0x0) || (SIZEOF (.vector_44) <= (_vector_spacing << 0x5))), function at exception vector 44 too large)

.vector_45      0x9fc017a0        0x8
 *(.vector_45)
 .vector_45     0x9fc017a0        0x8 /opt/microchip/xc32/v1.40/bin/bin/../../lib/gcc/pic32mx/4.8.3/../../../../pic32mx/lib/libpic32.a(vector45.o)
                0x9fc017a0                __vector_dispatch_45
                0x00000001                ASSERT (((_vector_spacing == 0x0) || (SIZEOF (.vector_45) <= (_vector_spacing << 0x5))), function at exception vector 45 too large)

.vector_46      0x9fc017c0        0x0
 *(.vector_46)
                0x00000001                ASSERT (((_vector_spacing == 0x0) || (SIZEOF (.vector_46) <= (_vector_spacing << 0x5))), function at exception vector 46 too large)

.vector_47      0x9fc017e0        0x0
 *(.vector_47)
                0x00000001                ASSERT (((_vector_spacing == 0x0) || (SIZEOF (.vector_47) <= (_vector_spacing << 0x5))), function at exception vector 47 too large)

.vector_48      0x9fc01800        0x0
 *(.vector_48)
                0x00000001                ASSERT (((_vector_spacing == 0x0) || (SIZEOF (.vector_48) <= (_vector_spacing << 0x5))), function at exception vector 48 too large)

.vector_49      0x9fc01820        0x0
 *(.vector_49)
                0x00000001                ASSERT (((_vector_spacing == 0x0) || (SIZEOF (.vector_49) <= (_vector_spacing << 0x5))), function at exception vector 49 too large)

.vector_50      0x9fc01840        0x0
 *(.vector_50)
                0x00000001                ASSERT (((_vector_spacing == 0x0) || (SIZEOF (.vector_50) <= (_vector_spacing << 0x5))), function at exception vector 50 too large)

.vector_51      0x9fc01860        0x0
 *(.vector_51)
                0x00000001                ASSERT (((_vector_spacing == 0x0) || (SIZEOF (.vector_51) <= (_vector_spacing << 0x5))), function at exception vector 51 too large)

.vector_52      0x9fc01880        0x0
 *(.vector_52)
                0x00000001                ASSERT (((_vector_spacing == 0x0) || (SIZEOF (.vector_52) <= (_vector_spacing << 0x5))), function at exception vector 52 too large)

.vector_53      0x9fc018a0        0x0
 *(.vector_53)
                0x00000001                ASSERT (((_vector_spacing == 0x0) || (SIZEOF (.vector_53) <= (_vector_spacing << 0x5))), function at exception vector 53 too large)

.vector_54      0x9fc018c0        0x0
 *(.vector_54)
                0x00000001                ASSERT (((_vector_spacing == 0x0) || (SIZEOF (.vector_54) <= (_vector_spacing << 0x5))), function at exception vector 54 too large)

.vector_55      0x9fc018e0        0x0
 *(.vector_55)
                0x00000001                ASSERT (((_vector_spacing == 0x0) || (SIZEOF (.vector_55) <= (_vector_spacing << 0x5))), function at exception vector 55 too large)

.vector_56      0x9fc01900        0x0
 *(.vector_56)
                0x00000001                ASSERT (((_vector_spacing == 0x0) || (SIZEOF (.vector_56) <= (_vector_spacing << 0x5))), function at exception vector 56 too large)

.vector_57      0x9fc01920        0x0
 *(.vector_57)
                0x00000001                ASSERT (((_vector_spacing == 0x0) || (SIZEOF (.vector_57) <= (_vector_spacing << 0x5))), function at exception vector 57 too large)

.vector_58      0x9fc01940        0x0
 *(.vector_58)
                0x00000001                ASSERT (((_vector_spacing == 0x0) || (SIZEOF (.vector_58) <= (_vector_spacing << 0x5))), function at exception vector 58 too large)

.vector_59      0x9fc01960        0x0
 *(.vector_59)
                0x00000001                ASSERT (((_vector_spacing == 0x0) || (SIZEOF (.vector_59) <= (_vector_spacing << 0x5))), function at exception vector 59 too large)

.vector_60      0x9fc01980        0x0
 *(.vector_60)
                0x00000001                ASSERT (((_vector_spacing == 0x0) || (SIZEOF (.vector_60) <= (_vector_spacing << 0x5))), function at exception vector 60 too large)

.vector_61      0x9fc019a0        0x0
 *(.vector_61)
                0x00000001                ASSERT (((_vector_spacing == 0x0) || (SIZEOF (.vector_61) <= (_vector_spacing << 0x5))), function at exception vector 61 too large)

.vector_62      0x9fc019c0        0x0
 *(.vector_62)
                0x00000001                ASSERT (((_vector_spacing == 0x0) || (SIZEOF (.vector_62) <= (_vector_spacing << 0x5))), function at exception vector 62 too large)

.vector_63      0x9fc019e0        0x0
 *(.vector_63)
                0x00000001                ASSERT (((_vector_spacing == 0x0) || (SIZEOF (.vector_63) <= (_vector_spacing << 0x5))), function at exception vector 63 too large)

.startup
 *(.startup)

.text           0x9d000000        0x0
 *(.stub .gnu.linkonce.t.*)
 *(.text.*personality*)
 *(.mips16.fn.*)
 *(.mips16.call.*)
 *(.gnu.warning)
                0x9d000000                . = ALIGN (0x4)

.init           0x9d000000        0x0
 *crti.o(.init)
 *crtbegin.o(.init)
 *(EXCLUDE_FILE(*crtn.o *crtend?.o *crtend.o) .init)
 *crtend.o(.init)
 *crtn.o(.init)
                0x9d000000                . = ALIGN (0x4)

.fini           0x9d000000        0x0
 *(.fini)
                0x9d000000                . = ALIGN (0x4)

.preinit_array  0x9d000000        0x0
                0x9d000000                PROVIDE (__preinit_array_start, .)
 *(.preinit_array)
                0x9d000000                PROVIDE (__preinit_array_end, .)
                0x9d000000                . = ALIGN (0x4)

.init_array     0x9d000000        0x0
                0x9d000000                PROVIDE (__init_array_start, .)
 *(SORT(.init_array.*))
 *(.init_array)
                0x9d000000                PROVIDE (__init_array_end, .)
                0x9d000000                . = ALIGN (0x4)

.fini_array     0x9d000000        0x0
                0x9d000000                PROVIDE (__fini_array_start, .)
 *(SORT(.fini_array.*))
 *(.fini_array)
                0x9d000000                PROVIDE (__fini_array_end, .)
                0x9d000000                . = ALIGN (0x4)

.ctors          0x9d000000        0x0
 *crtbegin.o(.ctors)
 *crtbegin?.o(.ctors)
 *(EXCLUDE_FILE(*crtend?.o *crtend.o) .ctors)
 *(SORT(.ctors.*))
 *(.ctors)
                0x9d000000                . = ALIGN (0x4)

.dtors          0x9d000000        0x0
 *crtbegin.o(.dtors)
 *crtbegin?.o(.dtors)
 *(EXCLUDE_FILE(*crtend?.o *crtend.o) .dtors)
 *(SORT(.dtors.*))
 *(.dtors)
                0x9d000000                . = ALIGN (0x4)

.rodata         0x9d000000        0x0
 *(.gnu.linkonce.r.*)
 *(.rodata1)
                0x9d000000                . = ALIGN (0x4)

.sdata2         0x9fc00490        0x0
 *(.sdata2 .sdata2.* .gnu.linkonce.s2.*)
                0x9fc00490                . = ALIGN (0x4)

.sbss2          0x9fc00490        0x0
 *(.sbss2 .sbss2.* .gnu.linkonce.sb2.*)
                0x9fc00490                . = ALIGN (0x4)

.eh_frame_hdr
 *(.eh_frame_hdr)
                0x9fc00490                . = ALIGN (0x4)

.eh_frame
 *(.eh_frame)
                0x9fc00490                . = ALIGN (0x4)

.gcc_except_table
 *(.gcc_except_table .gcc_except_table.*)
                0x9fc00490                . = ALIGN (0x4)

.dbg_data       0xa0000000        0x0
                0xa0000000                . = (. + DEFINED (_DEBUGGER)?0x200:0x0)

.jcr            0xa0000000        0x0
 *(.jcr)
                0xa0000000                . = ALIGN (0x4)

.eh_frame
 *(.eh_frame)
                0xa0000000                . = ALIGN (0x4)

.gcc_except_table
 *(.gcc_except_table .gcc_except_table.*)
                0xa0000000                . = ALIGN (0x4)

.persist        0xa0000000        0x0
                0xa0000000                _persist_begin = .
 *(.persist .persist.*)
 *(.pbss .pbss.*)
                0xa0000000                . = ALIGN (0x4)
                0xa0000000                _persist_end = .

.data           0xa0000000        0x0
 *(.gnu.linkonce.d.*)
 *(.data1)
                0xa0000000                . = ALIGN (0x4)
                0xa0000000                . = .
                0xa0007ff0                _gp = (ALIGN (0x10) + 0x7ff0)

.got            0xa0000000        0x0
 *(.got.plt)
 *(.got)
                0xa0000000                . = ALIGN (0x4)

.sdata          0xa0000000        0x0
                0xa0000000                _sdata_begin = .
 *(.sdata .sdata.* .gnu.linkonce.s.*)
                0xa0000000                . = ALIGN (0x4)
                0xa0000000                _sdata_end = .

.lit8
 *(.lit8)

.lit4
 *(.lit4)
                0xa0000000                . = ALIGN (0x4)
                0xa0000000                _data_end = .
                0xa0000000                _bss_begin = .

.sbss           0xa0000000       0x20
                0xa0000000                _sbss_begin = .
 *(.dynsbss)
 *(.sbss .sbss.* .gnu.linkonce.sb.*)
 .sbss          0xa0000000        0xc build/default/production/_ext/1688732426/system_exceptions.o
 *(.scommon)
 .scommon       0xa000000c        0x8 build/default/production/_ext/1688732426/system_init.o
                0xa000000c                sysObj
 .scommon       0xa0000014        0x4 build/default/production/plaid_app.o
                0xa0000014                appData
 .scommon       0xa0000018        0x8 build/default/production/_ext/720887253/sys_devcon.o
                0xa0000018                sysDevconObj
                0xa0000020                _sbss_end = .
                0xa0000020                . = ALIGN (0x4)

.bss            0xa0000020        0x0
 *(.dynbss)
 *(COMMON)
                0xa0000020                . = ALIGN ((. != 0x0)?0x4:0x1)
                0xa0000020                . = ALIGN (0x4)
                0xa0000020                _end = .
                0xa0000020                _bss_end = .
                0x00004000                _bmxdudba_address = 0x4000
                0x00004000                _bmxdupba_address = 0x4000

/DISCARD/
 *(.pdr)
 *(.rel.dyn)
 *(.note.GNU-stack)
 *(.note.GNU-stack)
 *(.gnu_debuglink)
 *(.gnu.lto_*)
 *(.discard)

.gptab.sdata
 *(.gptab.data)
 *(.gptab.sdata)

.gptab.sbss
 *(.gptab.bss)
 *(.gptab.sbss)

.mdebug.abi32   0xa0000020        0x0
 *(.mdebug.abi32)
 .mdebug.abi32  0xa0000020        0x0 build/default/production/_ext/1361460060/drv_adc_static.o
 .mdebug.abi32  0xa0000020        0x0 build/default/production/_ext/1407244131/drv_tmr_static.o
 .mdebug.abi32  0xa0000020        0x0 build/default/production/_ext/1345626252/drv_usart_static.o
 .mdebug.abi32  0xa0000020        0x0 build/default/production/_ext/639803181/sys_clk_static.o
 .mdebug.abi32  0xa0000020        0x0 build/default/production/_ext/822048611/sys_ports_static.o
 .mdebug.abi32  0xa0000020        0x0 build/default/production/_ext/1688732426/system_init.o
 .mdebug.abi32  0xa0000020        0x0 build/default/production/_ext/1688732426/system_interrupt.o
 .mdebug.abi32  0xa0000020        0x0 build/default/production/_ext/1688732426/system_exceptions.o
 .mdebug.abi32  0xa0000020        0x0 build/default/production/_ext/1688732426/system_tasks.o
 .mdebug.abi32  0xa0000020        0x0 build/default/production/_ext/1360937237/main.o
 .mdebug.abi32  0xa0000020        0x0 build/default/production/plaid_app.o
 .mdebug.abi32  0xa0000020        0x0 build/default/production/disp_driver.o
 .mdebug.abi32  0xa0000020        0x0 build/default/production/_ext/720887253/sys_devcon.o
 .mdebug.abi32  0xa0000020        0x0 build/default/production/_ext/720887253/sys_devcon_pic32mx.o
 .mdebug.abi32  0xa0000020        0x0 build/default/production/_ext/685857883/sys_int_pic32.o
 .mdebug.abi32  0xa0000020        0x0 build/default/production/_ext/141579970/sys_ports.o
 .mdebug.abi32  0xa0000020        0x0 ../../../../v1_05/bin/framework/peripheral/PIC32MX330F064H_peripherals.a(peripheral.o)
 .mdebug.abi32  0xa0000020        0x0 /opt/microchip/xc32/v1.40/bin/bin/../../lib/gcc/pic32mx/4.8.3/libgcc.a(floatunsisf.o)
 .mdebug.abi32  0xa0000020        0x0 /opt/microchip/xc32/v1.40/bin/bin/../../lib/gcc/pic32mx/4.8.3/../../../../pic32mx/lib/libpic32.a(default-bootstrap-exception-handler.o)
 .mdebug.abi32  0xa0000020        0x0 /opt/microchip/xc32/v1.40/bin/bin/../../lib/gcc/pic32mx/4.8.3/../../../../pic32mx/lib/libpic32.a(default-on-reset.o)
 .mdebug.abi32  0xa0000020        0x0 /opt/microchip/xc32/v1.40/bin/bin/../../lib/gcc/pic32mx/4.8.3/../../../../pic32mx/lib/libpic32.a(default-on-bootstrap.o)
 .mdebug.abi32  0xa0000020        0x0 /opt/microchip/xc32/v1.40/bin/bin/../../lib/gcc/pic32mx/4.8.3/../../../../pic32mx/lib/libpic32.a(defaultinterrupt.o)

.mdebug.abiN32
 *(.mdebug.abiN32)

.mdebug.abi64
 *(.mdebug.abi64)

.mdebug.abiO64
 *(.mdebug.abiO64)

.mdebug.eabi32
 *(.mdebug.eabi32)

.mdebug.eabi64
 *(.mdebug.eabi64)

.gcc_compiled_long32
 *(.gcc_compiled_long32)

.gcc_compiled_long64
 *(.gcc_compiled_long64)

.stab
 *(.stab)

.stabstr
 *(.stabstr)

.stab.excl
 *(.stab.excl)

.stab.exclstr
 *(.stab.exclstr)

.stab.index
 *(.stab.index)

.stab.indexstr
 *(.stab.indexstr)

.comment        0x00000000       0x3c
 *(.comment)
 .comment       0x00000000       0x3c build/default/production/_ext/1361460060/drv_adc_static.o
                                 0x3d (size before relaxing)
 .comment       0x00000000       0x3d build/default/production/_ext/1407244131/drv_tmr_static.o
 .comment       0x00000000       0x3d build/default/production/_ext/1345626252/drv_usart_static.o
 .comment       0x00000000       0x3d build/default/production/_ext/639803181/sys_clk_static.o
 .comment       0x00000000       0x3d build/default/production/_ext/822048611/sys_ports_static.o
 .comment       0x00000000       0x3d build/default/production/_ext/1688732426/system_init.o
 .comment       0x00000000       0x3d build/default/production/_ext/1688732426/system_interrupt.o
 .comment       0x00000000       0x3d build/default/production/_ext/1688732426/system_exceptions.o
 .comment       0x00000000       0x3d build/default/production/_ext/1688732426/system_tasks.o
 .comment       0x00000000       0x3d build/default/production/_ext/1360937237/main.o
 .comment       0x00000000       0x3d build/default/production/plaid_app.o
 .comment       0x00000000       0x3d build/default/production/disp_driver.o
 .comment       0x00000000       0x3d build/default/production/_ext/720887253/sys_devcon.o
 .comment       0x00000000       0x3d build/default/production/_ext/720887253/sys_devcon_pic32mx.o
 .comment       0x00000000       0x3d build/default/production/_ext/685857883/sys_int_pic32.o
 .comment       0x00000000       0x3d build/default/production/_ext/141579970/sys_ports.o
 .comment       0x00000000       0x3d ../../../../v1_05/bin/framework/peripheral/PIC32MX330F064H_peripherals.a(peripheral.o)
 .comment       0x00000000       0x3d /opt/microchip/xc32/v1.40/bin/bin/../../lib/gcc/pic32mx/4.8.3/libgcc.a(floatunsisf.o)
 .comment       0x00000000       0x3d /opt/microchip/xc32/v1.40/bin/bin/../../lib/gcc/pic32mx/4.8.3/../../../../pic32mx/lib/libpic32.a(default-bootstrap-exception-handler.o)
 .comment       0x00000000       0x3d /opt/microchip/xc32/v1.40/bin/bin/../../lib/gcc/pic32mx/4.8.3/../../../../pic32mx/lib/libpic32.a(default-on-reset.o)
 .comment       0x00000000       0x3d /opt/microchip/xc32/v1.40/bin/bin/../../lib/gcc/pic32mx/4.8.3/../../../../pic32mx/lib/libpic32.a(default-on-bootstrap.o)
 .comment       0x00000000       0x3d /opt/microchip/xc32/v1.40/bin/bin/../../lib/gcc/pic32mx/4.8.3/../../../../pic32mx/lib/libpic32.a(defaultinterrupt.o)

.debug
 *(.debug)

.line
 *(.line)

.debug_srcinfo
 *(.debug_srcinfo)

.debug_sfnames
 *(.debug_sfnames)

.debug_aranges  0x00000000      0x5a0
 *(.debug_aranges)
 .debug_aranges
                0x00000000       0x78 build/default/production/_ext/1361460060/drv_adc_static.o
 .debug_aranges
                0x00000078       0x48 build/default/production/_ext/1407244131/drv_tmr_static.o
 .debug_aranges
                0x000000c0       0x38 build/default/production/_ext/1345626252/drv_usart_static.o
 .debug_aranges
                0x000000f8       0x38 build/default/production/_ext/639803181/sys_clk_static.o
 .debug_aranges
                0x00000130       0x20 build/default/production/_ext/822048611/sys_ports_static.o
 .debug_aranges
                0x00000150       0x20 build/default/production/_ext/1688732426/system_init.o
 .debug_aranges
                0x00000170       0x18 build/default/production/_ext/1688732426/system_interrupt.o
 .debug_aranges
                0x00000188       0x20 build/default/production/_ext/1688732426/system_exceptions.o
 .debug_aranges
                0x000001a8       0x20 build/default/production/_ext/1688732426/system_tasks.o
 .debug_aranges
                0x000001c8       0x20 build/default/production/_ext/1360937237/main.o
 .debug_aranges
                0x000001e8       0x28 build/default/production/plaid_app.o
 .debug_aranges
                0x00000210      0x118 build/default/production/disp_driver.o
 .debug_aranges
                0x00000328       0x78 build/default/production/_ext/720887253/sys_devcon.o
 .debug_aranges
                0x000003a0       0x20 build/default/production/_ext/720887253/sys_devcon_pic32mx.o
 .debug_aranges
                0x000003c0       0x48 build/default/production/_ext/685857883/sys_int_pic32.o
 .debug_aranges
                0x00000408       0xf8 build/default/production/_ext/141579970/sys_ports.o
 .debug_aranges
                0x00000500       0x20 /opt/microchip/xc32/v1.40/bin/bin/../../lib/gcc/pic32mx/4.8.3/libgcc.a(floatunsisf.o)
 .debug_aranges
                0x00000520       0x20 /opt/microchip/xc32/v1.40/bin/bin/../../lib/gcc/pic32mx/4.8.3/../../../../pic32mx/lib/libpic32.a(default-bootstrap-exception-handler.o)
 .debug_aranges
                0x00000540       0x20 /opt/microchip/xc32/v1.40/bin/bin/../../lib/gcc/pic32mx/4.8.3/../../../../pic32mx/lib/libpic32.a(default-on-reset.o)
 .debug_aranges
                0x00000560       0x20 /opt/microchip/xc32/v1.40/bin/bin/../../lib/gcc/pic32mx/4.8.3/../../../../pic32mx/lib/libpic32.a(default-on-bootstrap.o)
 .debug_aranges
                0x00000580       0x20 /opt/microchip/xc32/v1.40/bin/bin/../../lib/gcc/pic32mx/4.8.3/../../../../pic32mx/lib/libpic32.a(defaultinterrupt.o)

.debug_pubnames
 *(.debug_pubnames)

.debug_info     0x00000000    0x116f1
 *(.debug_info .gnu.linkonce.wi.*)
 .debug_info    0x00000000     0x1002 build/default/production/_ext/1361460060/drv_adc_static.o
 .debug_info    0x00001002      0x4fa build/default/production/_ext/1407244131/drv_tmr_static.o
 .debug_info    0x000014fc     0x11cc build/default/production/_ext/1345626252/drv_usart_static.o
 .debug_info    0x000026c8     0x13d9 build/default/production/_ext/639803181/sys_clk_static.o
 .debug_info    0x00003aa1     0x15a5 build/default/production/_ext/822048611/sys_ports_static.o
 .debug_info    0x00005046     0x18d6 build/default/production/_ext/1688732426/system_init.o
 .debug_info    0x0000691c      0xddd build/default/production/_ext/1688732426/system_interrupt.o
 .debug_info    0x000076f9     0x177b build/default/production/_ext/1688732426/system_exceptions.o
 .debug_info    0x00008e74      0xe7d build/default/production/_ext/1688732426/system_tasks.o
 .debug_info    0x00009cf1      0x15d build/default/production/_ext/1360937237/main.o
 .debug_info    0x00009e4e     0x1b86 build/default/production/plaid_app.o
 .debug_info    0x0000b9d4     0x16a6 build/default/production/disp_driver.o
 .debug_info    0x0000d07a      0x95f build/default/production/_ext/720887253/sys_devcon.o
 .debug_info    0x0000d9d9      0x5a7 build/default/production/_ext/720887253/sys_devcon_pic32mx.o
 .debug_info    0x0000df80      0xdb0 build/default/production/_ext/685857883/sys_int_pic32.o
 .debug_info    0x0000ed30     0x2566 build/default/production/_ext/141579970/sys_ports.o
 .debug_info    0x00011296      0x11f /opt/microchip/xc32/v1.40/bin/bin/../../lib/gcc/pic32mx/4.8.3/libgcc.a(floatunsisf.o)
 .debug_info    0x000113b5       0xe3 /opt/microchip/xc32/v1.40/bin/bin/../../lib/gcc/pic32mx/4.8.3/../../../../pic32mx/lib/libpic32.a(default-bootstrap-exception-handler.o)
 .debug_info    0x00011498       0xbd /opt/microchip/xc32/v1.40/bin/bin/../../lib/gcc/pic32mx/4.8.3/../../../../pic32mx/lib/libpic32.a(default-on-reset.o)
 .debug_info    0x00011555       0xc5 /opt/microchip/xc32/v1.40/bin/bin/../../lib/gcc/pic32mx/4.8.3/../../../../pic32mx/lib/libpic32.a(default-on-bootstrap.o)
 .debug_info    0x0001161a       0xd7 /opt/microchip/xc32/v1.40/bin/bin/../../lib/gcc/pic32mx/4.8.3/../../../../pic32mx/lib/libpic32.a(defaultinterrupt.o)

.debug_abbrev   0x00000000     0x103e
 *(.debug_abbrev)
 .debug_abbrev  0x00000000       0xe2 build/default/production/_ext/1361460060/drv_adc_static.o
 .debug_abbrev  0x000000e2       0xc8 build/default/production/_ext/1407244131/drv_tmr_static.o
 .debug_abbrev  0x000001aa       0xcf build/default/production/_ext/1345626252/drv_usart_static.o
 .debug_abbrev  0x00000279      0x134 build/default/production/_ext/639803181/sys_clk_static.o
 .debug_abbrev  0x000003ad       0x74 build/default/production/_ext/822048611/sys_ports_static.o
 .debug_abbrev  0x00000421      0x13a build/default/production/_ext/1688732426/system_init.o
 .debug_abbrev  0x0000055b       0x44 build/default/production/_ext/1688732426/system_interrupt.o
 .debug_abbrev  0x0000059f       0xa2 build/default/production/_ext/1688732426/system_exceptions.o
 .debug_abbrev  0x00000641       0x8b build/default/production/_ext/1688732426/system_tasks.o
 .debug_abbrev  0x000006cc       0x3b build/default/production/_ext/1360937237/main.o
 .debug_abbrev  0x00000707      0x13f build/default/production/plaid_app.o
 .debug_abbrev  0x00000846      0x1f8 build/default/production/disp_driver.o
 .debug_abbrev  0x00000a3e      0x1f3 build/default/production/_ext/720887253/sys_devcon.o
 .debug_abbrev  0x00000c31       0xd2 build/default/production/_ext/720887253/sys_devcon_pic32mx.o
 .debug_abbrev  0x00000d03      0x11b build/default/production/_ext/685857883/sys_int_pic32.o
 .debug_abbrev  0x00000e1e      0x11e build/default/production/_ext/141579970/sys_ports.o
 .debug_abbrev  0x00000f3c       0x62 /opt/microchip/xc32/v1.40/bin/bin/../../lib/gcc/pic32mx/4.8.3/libgcc.a(floatunsisf.o)
 .debug_abbrev  0x00000f9e       0x28 /opt/microchip/xc32/v1.40/bin/bin/../../lib/gcc/pic32mx/4.8.3/../../../../pic32mx/lib/libpic32.a(default-bootstrap-exception-handler.o)
 .debug_abbrev  0x00000fc6       0x28 /opt/microchip/xc32/v1.40/bin/bin/../../lib/gcc/pic32mx/4.8.3/../../../../pic32mx/lib/libpic32.a(default-on-reset.o)
 .debug_abbrev  0x00000fee       0x28 /opt/microchip/xc32/v1.40/bin/bin/../../lib/gcc/pic32mx/4.8.3/../../../../pic32mx/lib/libpic32.a(default-on-bootstrap.o)
 .debug_abbrev  0x00001016       0x28 /opt/microchip/xc32/v1.40/bin/bin/../../lib/gcc/pic32mx/4.8.3/../../../../pic32mx/lib/libpic32.a(defaultinterrupt.o)

.debug_line     0x00000000     0x2a1d
 *(.debug_line)
 .debug_line    0x00000000      0x339 build/default/production/_ext/1361460060/drv_adc_static.o
 .debug_line    0x00000339      0x1f3 build/default/production/_ext/1407244131/drv_tmr_static.o
 .debug_line    0x0000052c      0x224 build/default/production/_ext/1345626252/drv_usart_static.o
 .debug_line    0x00000750      0x262 build/default/production/_ext/639803181/sys_clk_static.o
 .debug_line    0x000009b2      0x1a7 build/default/production/_ext/822048611/sys_ports_static.o
 .debug_line    0x00000b59      0x2f5 build/default/production/_ext/1688732426/system_init.o
 .debug_line    0x00000e4e       0x5f build/default/production/_ext/1688732426/system_interrupt.o
 .debug_line    0x00000ead      0x13f build/default/production/_ext/1688732426/system_exceptions.o
 .debug_line    0x00000fec      0x17f build/default/production/_ext/1688732426/system_tasks.o
 .debug_line    0x0000116b       0x7a build/default/production/_ext/1360937237/main.o
 .debug_line    0x000011e5      0x234 build/default/production/plaid_app.o
 .debug_line    0x00001419      0x470 build/default/production/disp_driver.o
 .debug_line    0x00001889      0x464 build/default/production/_ext/720887253/sys_devcon.o
 .debug_line    0x00001ced      0x2da build/default/production/_ext/720887253/sys_devcon_pic32mx.o
 .debug_line    0x00001fc7      0x2bc build/default/production/_ext/685857883/sys_int_pic32.o
 .debug_line    0x00002283      0x4d7 build/default/production/_ext/141579970/sys_ports.o
 .debug_line    0x0000275a       0x8a /opt/microchip/xc32/v1.40/bin/bin/../../lib/gcc/pic32mx/4.8.3/libgcc.a(floatunsisf.o)
 .debug_line    0x000027e4       0x97 /opt/microchip/xc32/v1.40/bin/bin/../../lib/gcc/pic32mx/4.8.3/../../../../pic32mx/lib/libpic32.a(default-bootstrap-exception-handler.o)
 .debug_line    0x0000287b       0x84 /opt/microchip/xc32/v1.40/bin/bin/../../lib/gcc/pic32mx/4.8.3/../../../../pic32mx/lib/libpic32.a(default-on-reset.o)
 .debug_line    0x000028ff       0x88 /opt/microchip/xc32/v1.40/bin/bin/../../lib/gcc/pic32mx/4.8.3/../../../../pic32mx/lib/libpic32.a(default-on-bootstrap.o)
 .debug_line    0x00002987       0x96 /opt/microchip/xc32/v1.40/bin/bin/../../lib/gcc/pic32mx/4.8.3/../../../../pic32mx/lib/libpic32.a(defaultinterrupt.o)

.debug_frame    0x00000000      0xf48
 *(.debug_frame)
 .debug_frame   0x00000000      0x190 build/default/production/_ext/1361460060/drv_adc_static.o
 .debug_frame   0x00000190       0xd0 build/default/production/_ext/1407244131/drv_tmr_static.o
 .debug_frame   0x00000260       0x90 build/default/production/_ext/1345626252/drv_usart_static.o
 .debug_frame   0x000002f0       0x84 build/default/production/_ext/639803181/sys_clk_static.o
 .debug_frame   0x00000374       0x30 build/default/production/_ext/822048611/sys_ports_static.o
 .debug_frame   0x000003a4       0x30 build/default/production/_ext/1688732426/system_init.o
 .debug_frame   0x000003d4       0x2c build/default/production/_ext/1688732426/system_exceptions.o
 .debug_frame   0x00000400       0x30 build/default/production/_ext/1688732426/system_tasks.o
 .debug_frame   0x00000430       0x2c build/default/production/_ext/1360937237/main.o
 .debug_frame   0x0000045c       0x50 build/default/production/plaid_app.o
 .debug_frame   0x000004ac      0x3dc build/default/production/disp_driver.o
 .debug_frame   0x00000888      0x17c build/default/production/_ext/720887253/sys_devcon.o
 .debug_frame   0x00000a04       0x30 build/default/production/_ext/720887253/sys_devcon_pic32mx.o
 .debug_frame   0x00000a34       0xd0 build/default/production/_ext/685857883/sys_int_pic32.o
 .debug_frame   0x00000b04      0x390 build/default/production/_ext/141579970/sys_ports.o
 .debug_frame   0x00000e94       0x28 /opt/microchip/xc32/v1.40/bin/bin/../../lib/gcc/pic32mx/4.8.3/libgcc.a(floatunsisf.o)
 .debug_frame   0x00000ebc       0x2c /opt/microchip/xc32/v1.40/bin/bin/../../lib/gcc/pic32mx/4.8.3/../../../../pic32mx/lib/libpic32.a(default-bootstrap-exception-handler.o)
 .debug_frame   0x00000ee8       0x20 /opt/microchip/xc32/v1.40/bin/bin/../../lib/gcc/pic32mx/4.8.3/../../../../pic32mx/lib/libpic32.a(default-on-reset.o)
 .debug_frame   0x00000f08       0x20 /opt/microchip/xc32/v1.40/bin/bin/../../lib/gcc/pic32mx/4.8.3/../../../../pic32mx/lib/libpic32.a(default-on-bootstrap.o)
 .debug_frame   0x00000f28       0x20 /opt/microchip/xc32/v1.40/bin/bin/../../lib/gcc/pic32mx/4.8.3/../../../../pic32mx/lib/libpic32.a(defaultinterrupt.o)

.debug_str      0x00000000       0x5e
 *(.debug_str)
 .debug_str     0x00000000        0xa build/default/production/_ext/1361460060/drv_adc_static.o
 .debug_str     0x0000000a        0x0 build/default/production/_ext/1407244131/drv_tmr_static.o
 .debug_str     0x0000000a        0x0 build/default/production/_ext/1345626252/drv_usart_static.o
 .debug_str     0x0000000a        0x0 build/default/production/_ext/639803181/sys_clk_static.o
 .debug_str     0x0000000a        0x0 build/default/production/_ext/822048611/sys_ports_static.o
 .debug_str     0x0000000a        0x0 build/default/production/_ext/1688732426/system_init.o
 .debug_str     0x0000000a        0x0 build/default/production/_ext/1688732426/system_interrupt.o
 .debug_str     0x0000000a        0x0 build/default/production/_ext/1688732426/system_exceptions.o
 .debug_str     0x0000000a        0x0 build/default/production/_ext/1688732426/system_tasks.o
 .debug_str     0x0000000a        0x0 build/default/production/_ext/1360937237/main.o
 .debug_str     0x0000000a        0x0 build/default/production/plaid_app.o
 .debug_str     0x0000000a        0x0 build/default/production/disp_driver.o
 .debug_str     0x0000000a       0x10 build/default/production/_ext/720887253/sys_devcon.o
 .debug_str     0x0000001a        0x0 build/default/production/_ext/720887253/sys_devcon_pic32mx.o
 .debug_str     0x0000001a       0x10 build/default/production/_ext/685857883/sys_int_pic32.o
 .debug_str     0x0000002a       0x34 build/default/production/_ext/141579970/sys_ports.o
 .debug_str     0x0000005e        0x0 /opt/microchip/xc32/v1.40/bin/bin/../../lib/gcc/pic32mx/4.8.3/libgcc.a(floatunsisf.o)
 .debug_str     0x0000005e        0x0 /opt/microchip/xc32/v1.40/bin/bin/../../lib/gcc/pic32mx/4.8.3/../../../../pic32mx/lib/libpic32.a(default-bootstrap-exception-handler.o)
 .debug_str     0x0000005e        0x0 /opt/microchip/xc32/v1.40/bin/bin/../../lib/gcc/pic32mx/4.8.3/../../../../pic32mx/lib/libpic32.a(default-on-reset.o)
 .debug_str     0x0000005e        0x0 /opt/microchip/xc32/v1.40/bin/bin/../../lib/gcc/pic32mx/4.8.3/../../../../pic32mx/lib/libpic32.a(default-on-bootstrap.o)
 .debug_str     0x0000005e        0x0 /opt/microchip/xc32/v1.40/bin/bin/../../lib/gcc/pic32mx/4.8.3/../../../../pic32mx/lib/libpic32.a(defaultinterrupt.o)

.debug_loc      0x00000000       0x74
 *(.debug_loc)
 .debug_loc     0x00000000       0x74 /opt/microchip/xc32/v1.40/bin/bin/../../lib/gcc/pic32mx/4.8.3/libgcc.a(floatunsisf.o)

.debug_macinfo
 *(.debug_macinfo)

.debug_weaknames
 *(.debug_weaknames)

.debug_funcnames
 *(.debug_funcnames)

.debug_typenames
 *(.debug_typenames)

.debug_varnames
 *(.debug_varnames)

.debug_pubtypes
 *(.debug_pubtypes)

.debug_ranges   0x00000000      0x438
 *(.debug_ranges)
 .debug_ranges  0x00000000       0x68 build/default/production/_ext/1361460060/drv_adc_static.o
 .debug_ranges  0x00000068       0x38 build/default/production/_ext/1407244131/drv_tmr_static.o
 .debug_ranges  0x000000a0       0x28 build/default/production/_ext/1345626252/drv_usart_static.o
 .debug_ranges  0x000000c8       0x28 build/default/production/_ext/639803181/sys_clk_static.o
 .debug_ranges  0x000000f0       0x10 build/default/production/_ext/822048611/sys_ports_static.o
 .debug_ranges  0x00000100       0x10 build/default/production/_ext/1688732426/system_init.o
 .debug_ranges  0x00000110       0x10 build/default/production/_ext/1688732426/system_exceptions.o
 .debug_ranges  0x00000120       0x10 build/default/production/_ext/1688732426/system_tasks.o
 .debug_ranges  0x00000130       0x10 build/default/production/_ext/1360937237/main.o
 .debug_ranges  0x00000140       0x18 build/default/production/plaid_app.o
 .debug_ranges  0x00000158      0x108 build/default/production/disp_driver.o
 .debug_ranges  0x00000260       0x68 build/default/production/_ext/720887253/sys_devcon.o
 .debug_ranges  0x000002c8       0x10 build/default/production/_ext/720887253/sys_devcon_pic32mx.o
 .debug_ranges  0x000002d8       0x38 build/default/production/_ext/685857883/sys_int_pic32.o
 .debug_ranges  0x00000310       0xe8 build/default/production/_ext/141579970/sys_ports.o
 .debug_ranges  0x000003f8       0x10 /opt/microchip/xc32/v1.40/bin/bin/../../lib/gcc/pic32mx/4.8.3/../../../../pic32mx/lib/libpic32.a(default-bootstrap-exception-handler.o)
 .debug_ranges  0x00000408       0x10 /opt/microchip/xc32/v1.40/bin/bin/../../lib/gcc/pic32mx/4.8.3/../../../../pic32mx/lib/libpic32.a(default-on-reset.o)
 .debug_ranges  0x00000418       0x10 /opt/microchip/xc32/v1.40/bin/bin/../../lib/gcc/pic32mx/4.8.3/../../../../pic32mx/lib/libpic32.a(default-on-bootstrap.o)
 .debug_ranges  0x00000428       0x10 /opt/microchip/xc32/v1.40/bin/bin/../../lib/gcc/pic32mx/4.8.3/../../../../pic32mx/lib/libpic32.a(defaultinterrupt.o)

.gnu.attributes
                0x00000000       0x10
 *(.gnu.attributes)
 .gnu.attributes
                0x00000000       0x10 build/default/production/_ext/1361460060/drv_adc_static.o
 .gnu.attributes
                0x00000010       0x10 build/default/production/_ext/1407244131/drv_tmr_static.o
 .gnu.attributes
                0x00000020       0x10 build/default/production/_ext/1345626252/drv_usart_static.o
 .gnu.attributes
                0x00000030       0x10 build/default/production/_ext/639803181/sys_clk_static.o
 .gnu.attributes
                0x00000040       0x10 build/default/production/_ext/822048611/sys_ports_static.o
 .gnu.attributes
                0x00000050       0x10 build/default/production/_ext/1688732426/system_init.o
 .gnu.attributes
                0x00000060       0x10 build/default/production/_ext/1688732426/system_interrupt.o
 .gnu.attributes
                0x00000070       0x10 build/default/production/_ext/1688732426/system_exceptions.o
 .gnu.attributes
                0x00000080       0x10 build/default/production/_ext/1688732426/system_tasks.o
 .gnu.attributes
                0x00000090       0x10 build/default/production/_ext/1360937237/main.o
 .gnu.attributes
                0x000000a0       0x10 build/default/production/plaid_app.o
 .gnu.attributes
                0x000000b0       0x10 build/default/production/disp_driver.o
 .gnu.attributes
                0x000000c0       0x10 build/default/production/_ext/720887253/sys_devcon.o
 .gnu.attributes
                0x000000d0       0x10 build/default/production/_ext/720887253/sys_devcon_pic32mx.o
 .gnu.attributes
                0x000000e0       0x10 build/default/production/_ext/685857883/sys_int_pic32.o
 .gnu.attributes
                0x000000f0       0x10 build/default/production/_ext/141579970/sys_ports.o
 .gnu.attributes
                0x00000100       0x10 ../../../../v1_05/bin/framework/peripheral/PIC32MX330F064H_peripherals.a(peripheral.o)
 .gnu.attributes
                0x00000110       0x10 /opt/microchip/xc32/v1.40/bin/bin/../../lib/gcc/pic32mx/4.8.3/libgcc.a(floatunsisf.o)
 .gnu.attributes
                0x00000120       0x10 /opt/microchip/xc32/v1.40/bin/bin/../../lib/gcc/pic32mx/4.8.3/../../../../pic32mx/lib/libpic32.a(default-bootstrap-exception-handler.o)
 .gnu.attributes
                0x00000130       0x10 /opt/microchip/xc32/v1.40/bin/bin/../../lib/gcc/pic32mx/4.8.3/../../../../pic32mx/lib/libpic32.a(default-on-reset.o)
 .gnu.attributes
                0x00000140       0x10 /opt/microchip/xc32/v1.40/bin/bin/../../lib/gcc/pic32mx/4.8.3/../../../../pic32mx/lib/libpic32.a(default-on-bootstrap.o)
 .gnu.attributes
                0x00000150       0x10 /opt/microchip/xc32/v1.40/bin/bin/../../lib/gcc/pic32mx/4.8.3/../../../../pic32mx/lib/libpic32.a(defaultinterrupt.o)
LOAD /opt/microchip/xc32/v1.40/bin/bin/../../lib/gcc/pic32mx/4.8.3/libgcc.a
START GROUP
LOAD /opt/microchip/xc32/v1.40/bin/bin/../../lib/gcc/pic32mx/4.8.3/../../../../pic32mx/lib/libpic32.a
LOAD /opt/microchip/xc32/v1.40/bin/bin/../../lib/gcc/pic32mx/4.8.3/../../../../pic32mx/lib/libdebug.a
LOAD /opt/microchip/xc32/v1.40/bin/bin/../../lib/gcc/pic32mx/4.8.3/../../../../pic32mx/lib/libpic32.a
LOAD /opt/microchip/xc32/v1.40/bin/bin/../../lib/gcc/pic32mx/4.8.3/../../../../pic32mx/lib/libm.a
LOAD /opt/microchip/xc32/v1.40/bin/bin/../../lib/gcc/pic32mx/4.8.3/../../../../pic32mx/lib/libe.a
LOAD /opt/microchip/xc32/v1.40/bin/bin/../../lib/gcc/pic32mx/4.8.3/../../../../pic32mx/lib/libdsp.a
LOAD /opt/microchip/xc32/v1.40/bin/bin/../../lib/gcc/pic32mx/4.8.3/libgcc.a
LOAD /opt/microchip/xc32/v1.40/bin/bin/../../lib/gcc/pic32mx/4.8.3/../../../../pic32mx/lib/libc.a
LOAD /opt/microchip/xc32/v1.40/bin/bin/../../lib/gcc/pic32mx/4.8.3/../../../../pic32mx/lib/libpic32.a
END GROUP
LOAD /opt/microchip/xc32/v1.40/bin/bin/../../lib/gcc/pic32mx/4.8.3/libgcc.a
OUTPUT(dist/default/production/eink_test_plaid.production.elf elf32-tradlittlemips)
LOAD stack
LOAD data_init

.reginfo        0x00000000       0x18
 .reginfo       0x00000000       0x18 /opt/microchip/xc32/v1.40/bin/bin/../../lib/gcc/pic32mx/4.8.3/../../../../pic32mx/lib/./proc/32MX330F064H/crt0_mips32r2.o

.stack          0xa0000088      0x400
 .stack         0xa0000088      0x400 stack

.data           0xa0000020       0x4c
 .data          0xa0000020       0x4c build/default/production/_ext/1688732426/system_exceptions.o

._debug_exception
                0xbfc00480       0x2c
 ._debug_exception
                0xbfc00480       0x2c /opt/microchip/xc32/v1.40/bin/bin/../../lib/gcc/pic32mx/4.8.3/../../../../pic32mx/lib/debug-exception-return.o
                0xbfc00480                __DbgExecReturn

.text.SYS_PORTS_Initialize
                0x9d000000      0x370
 .text.SYS_PORTS_Initialize
                0x9d000000      0x370 build/default/production/_ext/822048611/sys_ports_static.o
                0x9d000000                SYS_PORTS_Initialize

.text.APP_Tasks
                0x9d000370      0x270
 .text.APP_Tasks
                0x9d000370      0x270 build/default/production/plaid_app.o
                0x9d000370                APP_Tasks

.text.eink_test_plaid
                0x9d0005e0      0x230
 .text.eink_test_plaid
                0x9d0005e0      0x230 build/default/production/disp_driver.o
                0x9d0005e0                eink_test_plaid

.text.PLIB_TMR_PrescaleSelect
                0x9d000810      0x170
 .text.PLIB_TMR_PrescaleSelect
                0x9d000810      0x170 ../../../../v1_05/bin/framework/peripheral/PIC32MX330F064H_peripherals.a(peripheral.o)
                0x9d000810                PLIB_TMR_PrescaleSelect

.text.PLIB_TMR_ClockSourceSelect
                0x9d000980      0x164
 .text.PLIB_TMR_ClockSourceSelect
                0x9d000980      0x164 ../../../../v1_05/bin/framework/peripheral/PIC32MX330F064H_peripherals.a(peripheral.o)
                0x9d000980                PLIB_TMR_ClockSourceSelect

.text.PLIB_USART_LineControlModeSelect
                0x9d000ae4      0x144
 .text.PLIB_USART_LineControlModeSelect
                0x9d000ae4      0x144 ../../../../v1_05/bin/framework/peripheral/PIC32MX330F064H_peripherals.a(peripheral.o)
                0x9d000ae4                PLIB_USART_LineControlModeSelect

.text.SYS_DEVCON_PerformanceConfig
                0x9d000c28      0x13c
 .text.SYS_DEVCON_PerformanceConfig
                0x9d000c28      0x13c build/default/production/_ext/720887253/sys_devcon_pic32mx.o
                0x9d000c28                SYS_DEVCON_PerformanceConfig

.text.PLIB_PORTS_RemapInput
                0x9d000d64      0x13c
 .text.PLIB_PORTS_RemapInput
                0x9d000d64      0x13c ../../../../v1_05/bin/framework/peripheral/PIC32MX330F064H_peripherals.a(peripheral.o)
                0x9d000d64                PLIB_PORTS_RemapInput

.text.power_on  0x9d000ea0      0x110
 .text.power_on
                0x9d000ea0      0x110 build/default/production/disp_driver.o

.text.eink_test_fill
                0x9d000fb0       0xf0
 .text.eink_test_fill
                0x9d000fb0       0xf0 build/default/production/disp_driver.o
                0x9d000fb0                eink_test_fill

.text.DRV_ADC_Initialize
                0x9d0010a0       0xe8
 .text.DRV_ADC_Initialize
                0x9d0010a0       0xe8 build/default/production/_ext/1361460060/drv_adc_static.o
                0x9d0010a0                DRV_ADC_Initialize

.rodata         0x9d001188       0xdc
 .rodata        0x9d001188       0xdc build/default/production/_ext/1688732426/system_exceptions.o

.text.general_exception
                0x9d001264       0xdc
 .text.general_exception
                0x9d001264       0xdc /opt/microchip/xc32/v1.40/bin/bin/../../lib/gcc/pic32mx/4.8.3/../../../../pic32mx/lib/libpic32.a(general-exception.o)
                0x9d001264                _general_exception_context

.text.PLIB_USART_BaudRateSet
                0x9d001340       0xd4
 .text.PLIB_USART_BaudRateSet
                0x9d001340       0xd4 ../../../../v1_05/bin/framework/peripheral/PIC32MX330F064H_peripherals.a(peripheral.o)
                0x9d001340                PLIB_USART_BaudRateSet

.text.PLIB_USART_HandshakeModeSelect
                0x9d001414       0xcc
 .text.PLIB_USART_HandshakeModeSelect
                0x9d001414       0xcc ../../../../v1_05/bin/framework/peripheral/PIC32MX330F064H_peripherals.a(peripheral.o)
                0x9d001414                PLIB_USART_HandshakeModeSelect

.text.PLIB_USART_TransmitterInterruptModeSelect
                0x9d0014e0       0xcc
 .text.PLIB_USART_TransmitterInterruptModeSelect
                0x9d0014e0       0xcc ../../../../v1_05/bin/framework/peripheral/PIC32MX330F064H_peripherals.a(peripheral.o)
                0x9d0014e0                PLIB_USART_TransmitterInterruptModeSelect

.text.DRV_USART0_Initialize
                0x9d0015ac       0xbc
 .text.DRV_USART0_Initialize
                0x9d0015ac       0xbc build/default/production/_ext/1345626252/drv_usart_static.o
                0x9d0015ac                DRV_USART0_Initialize

.text.PLIB_USART_OperationModeSelect
                0x9d001668       0xbc
 .text.PLIB_USART_OperationModeSelect
                0x9d001668       0xbc ../../../../v1_05/bin/framework/peripheral/PIC32MX330F064H_peripherals.a(peripheral.o)
                0x9d001668                PLIB_USART_OperationModeSelect

.text.PLIB_USART_ReceiverInterruptModeSelect
                0x9d001724       0xbc
 .text.PLIB_USART_ReceiverInterruptModeSelect
                0x9d001724       0xbc ../../../../v1_05/bin/framework/peripheral/PIC32MX330F064H_peripherals.a(peripheral.o)
                0x9d001724                PLIB_USART_ReceiverInterruptModeSelect

.text.vclock_quick
                0x9d0017e0       0xb8
 .text.vclock_quick
                0x9d0017e0       0xb8 build/default/production/disp_driver.o

.text.power_off
                0x9d001898       0xb8
 .text.power_off
                0x9d001898       0xb8 build/default/production/disp_driver.o

.text.SYS_Initialize
                0x9d001950       0xa0
 .text.SYS_Initialize
                0x9d001950       0xa0 build/default/production/_ext/1688732426/system_init.o
                0x9d001950                SYS_Initialize

.text.hscan_stop
                0x9d0019f0       0x9c
 .text.hscan_stop
                0x9d0019f0       0x9c build/default/production/disp_driver.o

.text.PLIB_TMR_Start
                0x9d001a8c       0x9c
 .text.PLIB_TMR_Start
                0x9d001a8c       0x9c ../../../../v1_05/bin/framework/peripheral/PIC32MX330F064H_peripherals.a(peripheral.o)
                0x9d001a8c                PLIB_TMR_Start

.text.PLIB_TMR_Stop
                0x9d001b28       0x9c
 .text.PLIB_TMR_Stop
                0x9d001b28       0x9c ../../../../v1_05/bin/framework/peripheral/PIC32MX330F064H_peripherals.a(peripheral.o)
                0x9d001b28                PLIB_TMR_Stop

.text.setpower_vdd
                0x9d001bc4       0x8c
 .text.setpower_vdd
                0x9d001bc4       0x8c build/default/production/disp_driver.o

.text.PLIB_TMR_Period16BitSet
                0x9d001c50       0x8c
 .text.PLIB_TMR_Period16BitSet
                0x9d001c50       0x8c ../../../../v1_05/bin/framework/peripheral/PIC32MX330F064H_peripherals.a(peripheral.o)
                0x9d001c50                PLIB_TMR_Period16BitSet

.text.PLIB_TMR_Counter16BitClear
                0x9d001cdc       0x88
 .text.PLIB_TMR_Counter16BitClear
                0x9d001cdc       0x88 ../../../../v1_05/bin/framework/peripheral/PIC32MX330F064H_peripherals.a(peripheral.o)
                0x9d001cdc                PLIB_TMR_Counter16BitClear

.text.SYS_CLK_Initialize
                0x9d001d64       0x80
 .text.SYS_CLK_Initialize
                0x9d001d64       0x80 build/default/production/_ext/639803181/sys_clk_static.o
                0x9d001d64                SYS_CLK_Initialize

.text.DRV_TMR0_Initialize
                0x9d001de4       0x7c
 .text.DRV_TMR0_Initialize
                0x9d001de4       0x7c build/default/production/_ext/1407244131/drv_tmr_static.o
                0x9d001de4                DRV_TMR0_Initialize

.text.SYS_PORTS_PinDirectionSelect
                0x9d001e60       0x74
 .text.SYS_PORTS_PinDirectionSelect
                0x9d001e60       0x74 build/default/production/_ext/141579970/sys_ports.o
                0x9d001e60                SYS_PORTS_PinDirectionSelect

.text.PLIB_OSC_PBClockDivisorSet
                0x9d001ed4       0x70
 .text.PLIB_OSC_PBClockDivisorSet
                0x9d001ed4       0x70 ../../../../v1_05/bin/framework/peripheral/PIC32MX330F064H_peripherals.a(peripheral.o)
                0x9d001ed4                PLIB_OSC_PBClockDivisorSet

.text.PLIB_USART_Enable
                0x9d001f44       0x70
 .text.PLIB_USART_Enable
                0x9d001f44       0x70 ../../../../v1_05/bin/framework/peripheral/PIC32MX330F064H_peripherals.a(peripheral.o)
                0x9d001f44                PLIB_USART_Enable

.text.PLIB_USART_ReceiverEnable
                0x9d001fb4       0x70
 .text.PLIB_USART_ReceiverEnable
                0x9d001fb4       0x70 ../../../../v1_05/bin/framework/peripheral/PIC32MX330F064H_peripherals.a(peripheral.o)
                0x9d001fb4                PLIB_USART_ReceiverEnable

.text.PLIB_USART_TransmitterEnable
                0x9d002024       0x70
 .text.PLIB_USART_TransmitterEnable
                0x9d002024       0x70 ../../../../v1_05/bin/framework/peripheral/PIC32MX330F064H_peripherals.a(peripheral.o)
                0x9d002024                PLIB_USART_TransmitterEnable

.dinit          0x9d002094       0x70
 .dinit         0x9d002094       0x70 data_init

.text.vscan_start
                0x9d002104       0x68
 .text.vscan_start
                0x9d002104       0x68 build/default/production/disp_driver.o

.text.vscan_stop
                0x9d00216c       0x68
 .text.vscan_stop
                0x9d00216c       0x68 build/default/production/disp_driver.o

.text.SYS_DEVCON_SystemUnlock
                0x9d0021d4       0x68
 .text.SYS_DEVCON_SystemUnlock
                0x9d0021d4       0x68 build/default/production/_ext/720887253/sys_devcon.o
                0x9d0021d4                SYS_DEVCON_SystemUnlock

.text.SYS_DEVCON_SystemLock
                0x9d00223c       0x68
 .text.SYS_DEVCON_SystemLock
                0x9d00223c       0x68 build/default/production/_ext/720887253/sys_devcon.o
                0x9d00223c                SYS_DEVCON_SystemLock

.text.PLIB_ADC_MuxChannel0InputPositiveSelect
                0x9d0022a4       0x68
 .text.PLIB_ADC_MuxChannel0InputPositiveSelect
                0x9d0022a4       0x68 ../../../../v1_05/bin/framework/peripheral/PIC32MX330F064H_peripherals.a(peripheral.o)
                0x9d0022a4                PLIB_ADC_MuxChannel0InputPositiveSelect

.text.SYS_PORTS_PinWrite
                0x9d00230c       0x58
 .text.SYS_PORTS_PinWrite
                0x9d00230c       0x58 build/default/production/_ext/141579970/sys_ports.o
                0x9d00230c                SYS_PORTS_PinWrite

.text.main_entry
                0x9d002364       0x54
 .text.main_entry
                0x9d002364       0x54 /opt/microchip/xc32/v1.40/bin/bin/../../lib/gcc/pic32mx/4.8.3/../../../../pic32mx/lib/./proc/32MX330F064H/crt0_mips32r2.o
                0x9d002398                __crt0_exit

.text.eink_delay
                0x9d0023b8       0x54
 .text.eink_delay
                0x9d0023b8       0x54 build/default/production/disp_driver.o

.text.PLIB_ADC_MuxChannel0InputNegativeSelect
                0x9d00240c       0x54
 .text.PLIB_ADC_MuxChannel0InputNegativeSelect
                0x9d00240c       0x54 ../../../../v1_05/bin/framework/peripheral/PIC32MX330F064H_peripherals.a(peripheral.o)
                0x9d00240c                PLIB_ADC_MuxChannel0InputNegativeSelect

.text.setpower_vneg
                0x9d002460       0x50
 .text.setpower_vneg
                0x9d002460       0x50 build/default/production/disp_driver.o

.text.setpower_vpos
                0x9d0024b0       0x50
 .text.setpower_vpos
                0x9d0024b0       0x50 build/default/production/disp_driver.o

.text._general_exception_handler
                0x9d002500       0x4c
 .text._general_exception_handler
                0x9d002500       0x4c build/default/production/_ext/1688732426/system_exceptions.o
                0x9d002500                _general_exception_handler

.text.APP_Initialize
                0x9d00254c       0x48
 .text.APP_Initialize
                0x9d00254c       0x48 build/default/production/plaid_app.o
                0x9d00254c                APP_Initialize

.text.hclock    0x9d002594       0x48
 .text.hclock   0x9d002594       0x48 build/default/production/disp_driver.o

.text.SYS_PORTS_PinRead
                0x9d0025dc       0x48
 .text.SYS_PORTS_PinRead
                0x9d0025dc       0x48 build/default/production/_ext/141579970/sys_ports.o
                0x9d0025dc                SYS_PORTS_PinRead

.text.SYS_PORTS_PinSet
                0x9d002624       0x48
 .text.SYS_PORTS_PinSet
                0x9d002624       0x48 build/default/production/_ext/141579970/sys_ports.o
                0x9d002624                SYS_PORTS_PinSet

.text.SYS_PORTS_PinClear
                0x9d00266c       0x48
 .text.SYS_PORTS_PinClear
                0x9d00266c       0x48 build/default/production/_ext/141579970/sys_ports.o
                0x9d00266c                SYS_PORTS_PinClear

.text.PLIB_PORTS_ChannelModeSelect
                0x9d0026b4       0x48
 .text.PLIB_PORTS_ChannelModeSelect
                0x9d0026b4       0x48 ../../../../v1_05/bin/framework/peripheral/PIC32MX330F064H_peripherals.a(peripheral.o)
                0x9d0026b4                PLIB_PORTS_ChannelModeSelect

.text._bootstrap_exception_handler
                0x9d0026fc       0x48
 .text._bootstrap_exception_handler
                0x9d0026fc       0x48 /opt/microchip/xc32/v1.40/bin/bin/../../lib/gcc/pic32mx/4.8.3/../../../../pic32mx/lib/libpic32.a(default-bootstrap-exception-handler.o)
                0x9d0026fc                _bootstrap_exception_handler

.vector_default
                0x9d002744       0x48
 .vector_default
                0x9d002744       0x48 /opt/microchip/xc32/v1.40/bin/bin/../../lib/gcc/pic32mx/4.8.3/../../../../pic32mx/lib/libpic32.a(defaultinterrupt.o)
                0x9d002744                _DefaultInterrupt

.text.PLIB_PORTS_PinWrite
                0x9d00278c       0x44
 .text.PLIB_PORTS_PinWrite
                0x9d00278c       0x44 ../../../../v1_05/bin/framework/peripheral/PIC32MX330F064H_peripherals.a(peripheral.o)
                0x9d00278c                PLIB_PORTS_PinWrite

.text           0x9d0027d0       0x44
 .text          0x9d0027d0       0x44 /opt/microchip/xc32/v1.40/bin/bin/../../lib/gcc/pic32mx/4.8.3/../../../../pic32mx/lib/pic32_software_reset.o
                0x9d0027d0                __pic32_software_reset

.text.SYS_Tasks
                0x9d002814       0x40
 .text.SYS_Tasks
                0x9d002814       0x40 build/default/production/_ext/1688732426/system_tasks.o
                0x9d002814                SYS_Tasks

.text.setpin_le
                0x9d002854       0x40
 .text.setpin_le
                0x9d002854       0x40 build/default/production/disp_driver.o

.text.setpin_oe
                0x9d002894       0x40
 .text.setpin_oe
                0x9d002894       0x40 build/default/production/disp_driver.o

.text.setpin_cl
                0x9d0028d4       0x40
 .text.setpin_cl
                0x9d0028d4       0x40 build/default/production/disp_driver.o

.text.setpin_gmode
                0x9d002914       0x40
 .text.setpin_gmode
                0x9d002914       0x40 build/default/production/disp_driver.o

.text.setpin_sph
                0x9d002954       0x40
 .text.setpin_sph
                0x9d002954       0x40 build/default/production/disp_driver.o

.text.setpin_spv
                0x9d002994       0x40
 .text.setpin_spv
                0x9d002994       0x40 build/default/production/disp_driver.o

.text.setpin_ckv
                0x9d0029d4       0x40
 .text.setpin_ckv
                0x9d0029d4       0x40 build/default/production/disp_driver.o

.text.hscan_start
                0x9d002a14       0x40
 .text.hscan_start
                0x9d002a14       0x40 build/default/production/disp_driver.o

.text.PLIB_TMR_Mode16BitEnable
                0x9d002a54       0x40
 .text.PLIB_TMR_Mode16BitEnable
                0x9d002a54       0x40 ../../../../v1_05/bin/framework/peripheral/PIC32MX330F064H_peripherals.a(peripheral.o)
                0x9d002a54                PLIB_TMR_Mode16BitEnable

.text.setpins_data
                0x9d002a94       0x3c
 .text.setpins_data
                0x9d002a94       0x3c build/default/production/disp_driver.o

.text.SYS_DEVCON_Initialize
                0x9d002ad0       0x3c
 .text.SYS_DEVCON_Initialize
                0x9d002ad0       0x3c build/default/production/_ext/720887253/sys_devcon.o
                0x9d002ad0                SYS_DEVCON_Initialize

.text.PLIB_ADC_ConversionClockSet
                0x9d002b0c       0x3c
 .text.PLIB_ADC_ConversionClockSet
                0x9d002b0c       0x3c ../../../../v1_05/bin/framework/peripheral/PIC32MX330F064H_peripherals.a(peripheral.o)
                0x9d002b0c                PLIB_ADC_ConversionClockSet

.text.PLIB_PORTS_RemapOutput
                0x9d002b48       0x38
 .text.PLIB_PORTS_RemapOutput
                0x9d002b48       0x38 ../../../../v1_05/bin/framework/peripheral/PIC32MX330F064H_peripherals.a(peripheral.o)
                0x9d002b48                PLIB_PORTS_RemapOutput

.text.PLIB_PORTS_PinGet
                0x9d002b80       0x38
 .text.PLIB_PORTS_PinGet
                0x9d002b80       0x38 ../../../../v1_05/bin/framework/peripheral/PIC32MX330F064H_peripherals.a(peripheral.o)
                0x9d002b80                PLIB_PORTS_PinGet

.text.DRV_TMR0_Start
                0x9d002bb8       0x34
 .text.DRV_TMR0_Start
                0x9d002bb8       0x34 build/default/production/_ext/1407244131/drv_tmr_static.o
                0x9d002bb8                DRV_TMR0_Start

.text.SYS_INT_Initialize
                0x9d002bec       0x34
 .text.SYS_INT_Initialize
                0x9d002bec       0x34 build/default/production/_ext/685857883/sys_int_pic32.o
                0x9d002bec                SYS_INT_Initialize

.text.PLIB_OSC_FRCDivisorSelect
                0x9d002c20       0x34
 .text.PLIB_OSC_FRCDivisorSelect
                0x9d002c20       0x34 ../../../../v1_05/bin/framework/peripheral/PIC32MX330F064H_peripherals.a(peripheral.o)
                0x9d002c20                PLIB_OSC_FRCDivisorSelect

.text.PLIB_ADC_VoltageReferenceSelect
                0x9d002c54       0x30
 .text.PLIB_ADC_VoltageReferenceSelect
                0x9d002c54       0x30 ../../../../v1_05/bin/framework/peripheral/PIC32MX330F064H_peripherals.a(peripheral.o)
                0x9d002c54                PLIB_ADC_VoltageReferenceSelect

.text.PLIB_ADC_ConversionClockSourceSelect
                0x9d002c84       0x30
 .text.PLIB_ADC_ConversionClockSourceSelect
                0x9d002c84       0x30 ../../../../v1_05/bin/framework/peripheral/PIC32MX330F064H_peripherals.a(peripheral.o)
                0x9d002c84                PLIB_ADC_ConversionClockSourceSelect

.text.PLIB_INT_Enable
                0x9d002cb4       0x30
 .text.PLIB_INT_Enable
                0x9d002cb4       0x30 ../../../../v1_05/bin/framework/peripheral/PIC32MX330F064H_peripherals.a(peripheral.o)
                0x9d002cb4                PLIB_INT_Enable

.text.SYS_CLK_PeripheralFrequencyGet
                0x9d002ce4       0x2c
 .text.SYS_CLK_PeripheralFrequencyGet
                0x9d002ce4       0x2c build/default/production/_ext/639803181/sys_clk_static.o
                0x9d002ce4                SYS_CLK_PeripheralFrequencyGet

.text.main      0x9d002d10       0x2c
 .text.main     0x9d002d10       0x2c build/default/production/_ext/1360937237/main.o
                0x9d002d10                main

.text.PLIB_ADC_SamplesPerInterruptSelect
                0x9d002d3c       0x2c
 .text.PLIB_ADC_SamplesPerInterruptSelect
                0x9d002d3c       0x2c ../../../../v1_05/bin/framework/peripheral/PIC32MX330F064H_peripherals.a(peripheral.o)
                0x9d002d3c                PLIB_ADC_SamplesPerInterruptSelect

.text.PLIB_ADC_ConversionTriggerSourceSelect
                0x9d002d68       0x2c
 .text.PLIB_ADC_ConversionTriggerSourceSelect
                0x9d002d68       0x2c ../../../../v1_05/bin/framework/peripheral/PIC32MX330F064H_peripherals.a(peripheral.o)
                0x9d002d68                PLIB_ADC_ConversionTriggerSourceSelect

.text.PLIB_ADC_ResultFormatSelect
                0x9d002d94       0x2c
 .text.PLIB_ADC_ResultFormatSelect
                0x9d002d94       0x2c ../../../../v1_05/bin/framework/peripheral/PIC32MX330F064H_peripherals.a(peripheral.o)
                0x9d002d94                PLIB_ADC_ResultFormatSelect

.text.PLIB_ADC_ResultBufferModeSelect
                0x9d002dc0       0x2c
 .text.PLIB_ADC_ResultBufferModeSelect
                0x9d002dc0       0x2c ../../../../v1_05/bin/framework/peripheral/PIC32MX330F064H_peripherals.a(peripheral.o)
                0x9d002dc0                PLIB_ADC_ResultBufferModeSelect

.text.PLIB_BMX_DataRamWaitStateSet
                0x9d002dec       0x2c
 .text.PLIB_BMX_DataRamWaitStateSet
                0x9d002dec       0x2c ../../../../v1_05/bin/framework/peripheral/PIC32MX330F064H_peripherals.a(peripheral.o)
                0x9d002dec                PLIB_BMX_DataRamWaitStateSet

.text.PLIB_DEVCON_SystemUnlock
                0x9d002e18       0x2c
 .text.PLIB_DEVCON_SystemUnlock
                0x9d002e18       0x2c ../../../../v1_05/bin/framework/peripheral/PIC32MX330F064H_peripherals.a(peripheral.o)
                0x9d002e18                PLIB_DEVCON_SystemUnlock

.text.PLIB_INT_GetStateAndDisable
                0x9d002e44       0x2c
 .text.PLIB_INT_GetStateAndDisable
                0x9d002e44       0x2c ../../../../v1_05/bin/framework/peripheral/PIC32MX330F064H_peripherals.a(peripheral.o)
                0x9d002e44                PLIB_INT_GetStateAndDisable

.text.PLIB_PCACHE_PrefetchEnableSet
                0x9d002e70       0x2c
 .text.PLIB_PCACHE_PrefetchEnableSet
                0x9d002e70       0x2c ../../../../v1_05/bin/framework/peripheral/PIC32MX330F064H_peripherals.a(peripheral.o)
                0x9d002e70                PLIB_PCACHE_PrefetchEnableSet

.text.PLIB_PORTS_PinSet
                0x9d002e9c       0x2c
 .text.PLIB_PORTS_PinSet
                0x9d002e9c       0x2c ../../../../v1_05/bin/framework/peripheral/PIC32MX330F064H_peripherals.a(peripheral.o)
                0x9d002e9c                PLIB_PORTS_PinSet

.text.PLIB_PORTS_PinClear
                0x9d002ec8       0x2c
 .text.PLIB_PORTS_PinClear
                0x9d002ec8       0x2c ../../../../v1_05/bin/framework/peripheral/PIC32MX330F064H_peripherals.a(peripheral.o)
                0x9d002ec8                PLIB_PORTS_PinClear

.text.PLIB_PORTS_PinDirectionInputSet
                0x9d002ef4       0x2c
 .text.PLIB_PORTS_PinDirectionInputSet
                0x9d002ef4       0x2c ../../../../v1_05/bin/framework/peripheral/PIC32MX330F064H_peripherals.a(peripheral.o)
                0x9d002ef4                PLIB_PORTS_PinDirectionInputSet

.text.PLIB_PORTS_PinDirectionOutputSet
                0x9d002f20       0x2c
 .text.PLIB_PORTS_PinDirectionOutputSet
                0x9d002f20       0x2c ../../../../v1_05/bin/framework/peripheral/PIC32MX330F064H_peripherals.a(peripheral.o)
                0x9d002f20                PLIB_PORTS_PinDirectionOutputSet

.text.SYS_CLK_SystemFrequencyGet
                0x9d002f4c       0x28
 .text.SYS_CLK_SystemFrequencyGet
                0x9d002f4c       0x28 build/default/production/_ext/639803181/sys_clk_static.o
                0x9d002f4c                SYS_CLK_SystemFrequencyGet

.text.SYS_DEVCON_Tasks
                0x9d002f74       0x28
 .text.SYS_DEVCON_Tasks
                0x9d002f74       0x28 build/default/production/_ext/720887253/sys_devcon.o
                0x9d002f74                SYS_DEVCON_Tasks

.text.PLIB_ADC_SamplingModeSelect
                0x9d002f9c       0x28
 .text.PLIB_ADC_SamplingModeSelect
                0x9d002f9c       0x28 ../../../../v1_05/bin/framework/peripheral/PIC32MX330F064H_peripherals.a(peripheral.o)
                0x9d002f9c                PLIB_ADC_SamplingModeSelect

.text.PLIB_PCACHE_WaitStateSet
                0x9d002fc4       0x28
 .text.PLIB_PCACHE_WaitStateSet
                0x9d002fc4       0x28 ../../../../v1_05/bin/framework/peripheral/PIC32MX330F064H_peripherals.a(peripheral.o)
                0x9d002fc4                PLIB_PCACHE_WaitStateSet

.text.PLIB_PORTS_DirectionOutputSet
                0x9d002fec       0x28
 .text.PLIB_PORTS_DirectionOutputSet
                0x9d002fec       0x28 ../../../../v1_05/bin/framework/peripheral/PIC32MX330F064H_peripherals.a(peripheral.o)
                0x9d002fec                PLIB_PORTS_DirectionOutputSet

.text.PLIB_PORTS_OpenDrainEnable
                0x9d003014       0x28
 .text.PLIB_PORTS_OpenDrainEnable
                0x9d003014       0x28 ../../../../v1_05/bin/framework/peripheral/PIC32MX330F064H_peripherals.a(peripheral.o)
                0x9d003014                PLIB_PORTS_OpenDrainEnable

.text.PLIB_PORTS_ChannelChangeNoticePullDownEnable
                0x9d00303c       0x28
 .text.PLIB_PORTS_ChannelChangeNoticePullDownEnable
                0x9d00303c       0x28 ../../../../v1_05/bin/framework/peripheral/PIC32MX330F064H_peripherals.a(peripheral.o)
                0x9d00303c                PLIB_PORTS_ChannelChangeNoticePullDownEnable

.text.PLIB_PORTS_ChannelChangeNoticePullUpEnable
                0x9d003064       0x28
 .text.PLIB_PORTS_ChannelChangeNoticePullUpEnable
                0x9d003064       0x28 ../../../../v1_05/bin/framework/peripheral/PIC32MX330F064H_peripherals.a(peripheral.o)
                0x9d003064                PLIB_PORTS_ChannelChangeNoticePullUpEnable

.text.PLIB_PORTS_ChannelChangeNoticeEnable
                0x9d00308c       0x28
 .text.PLIB_PORTS_ChannelChangeNoticeEnable
                0x9d00308c       0x28 ../../../../v1_05/bin/framework/peripheral/PIC32MX330F064H_peripherals.a(peripheral.o)
                0x9d00308c                PLIB_PORTS_ChannelChangeNoticeEnable

.text.PLIB_PORTS_ChangeNoticePerPortTurnOn
                0x9d0030b4       0x28
 .text.PLIB_PORTS_ChangeNoticePerPortTurnOn
                0x9d0030b4       0x28 ../../../../v1_05/bin/framework/peripheral/PIC32MX330F064H_peripherals.a(peripheral.o)
                0x9d0030b4                PLIB_PORTS_ChangeNoticePerPortTurnOn

.text.PLIB_PORTS_Write
                0x9d0030dc       0x24
 .text.PLIB_PORTS_Write
                0x9d0030dc       0x24 ../../../../v1_05/bin/framework/peripheral/PIC32MX330F064H_peripherals.a(peripheral.o)
                0x9d0030dc                PLIB_PORTS_Write

.text.clockdelay
                0x9d003100       0x20
 .text.clockdelay
                0x9d003100       0x20 build/default/production/disp_driver.o

.text.PLIB_ADC_StopInIdleDisable
                0x9d003120       0x1c
 .text.PLIB_ADC_StopInIdleDisable
                0x9d003120       0x1c ../../../../v1_05/bin/framework/peripheral/PIC32MX330F064H_peripherals.a(peripheral.o)
                0x9d003120                PLIB_ADC_StopInIdleDisable

.text.PLIB_DEVCON_SystemLock
                0x9d00313c       0x1c
 .text.PLIB_DEVCON_SystemLock
                0x9d00313c       0x1c ../../../../v1_05/bin/framework/peripheral/PIC32MX330F064H_peripherals.a(peripheral.o)
                0x9d00313c                PLIB_DEVCON_SystemLock

.text.PLIB_INT_MultiVectorSelect
                0x9d003158       0x1c
 .text.PLIB_INT_MultiVectorSelect
                0x9d003158       0x1c ../../../../v1_05/bin/framework/peripheral/PIC32MX330F064H_peripherals.a(peripheral.o)
                0x9d003158                PLIB_INT_MultiVectorSelect

.text.PLIB_OSC_ReferenceOutputDisable
                0x9d003174       0x1c
 .text.PLIB_OSC_ReferenceOutputDisable
                0x9d003174       0x1c ../../../../v1_05/bin/framework/peripheral/PIC32MX330F064H_peripherals.a(peripheral.o)
                0x9d003174                PLIB_OSC_ReferenceOutputDisable

.text.PLIB_OSC_ReferenceOscDisable
                0x9d003190       0x1c
 .text.PLIB_OSC_ReferenceOscDisable
                0x9d003190       0x1c ../../../../v1_05/bin/framework/peripheral/PIC32MX330F064H_peripherals.a(peripheral.o)
                0x9d003190                PLIB_OSC_ReferenceOscDisable

.text           0x9d0031ac       0x18
 .text          0x9d0031ac       0x18 /opt/microchip/xc32/v1.40/bin/bin/../../lib/gcc/pic32mx/4.8.3/../../../../pic32mx/lib/libpic32.a(default-nmi-handler.o)
                0x9d0031ac                _nmi_handler

.text.PLIB_BMX_ExistsDataRamWaitState
                0x9d0031c4        0x8
 .text.PLIB_BMX_ExistsDataRamWaitState
                0x9d0031c4        0x8 ../../../../v1_05/bin/framework/peripheral/PIC32MX330F064H_peripherals.a(peripheral.o)
                0x9d0031c4                PLIB_BMX_ExistsDataRamWaitState

.text.PLIB_PCACHE_ExistsWaitState
                0x9d0031cc        0x8
 .text.PLIB_PCACHE_ExistsWaitState
                0x9d0031cc        0x8 ../../../../v1_05/bin/framework/peripheral/PIC32MX330F064H_peripherals.a(peripheral.o)
                0x9d0031cc                PLIB_PCACHE_ExistsWaitState

.text.PLIB_PCACHE_ExistsPrefetchEnable
                0x9d0031d4        0x8
 .text.PLIB_PCACHE_ExistsPrefetchEnable
                0x9d0031d4        0x8 ../../../../v1_05/bin/framework/peripheral/PIC32MX330F064H_peripherals.a(peripheral.o)
                0x9d0031d4                PLIB_PCACHE_ExistsPrefetchEnable

.text._on_reset
                0x9d0031dc        0x8
 .text._on_reset
                0x9d0031dc        0x8 /opt/microchip/xc32/v1.40/bin/bin/../../lib/gcc/pic32mx/4.8.3/../../../../pic32mx/lib/libpic32.a(default-on-reset.o)
                0x9d0031dc                _on_reset

.text._on_bootstrap
                0x9d0031e4        0x8
 .text._on_bootstrap
                0x9d0031e4        0x8 /opt/microchip/xc32/v1.40/bin/bin/../../lib/gcc/pic32mx/4.8.3/../../../../pic32mx/lib/libpic32.a(default-on-bootstrap.o)
                0x9d0031e4                _on_bootstrap

.rodata         0x9d0031ec        0x4
 .rodata        0x9d0031ec        0x4 build/default/production/_ext/1688732426/system_init.o
                0x9d0031ec                sysDevconInit
